[2025-08-01T15:28:36.198+0530][info] Using G1
[2025-08-01T15:28:36.199+0530][info] Version: 17.0.10+11-LTS-240 (release)
[2025-08-01T15:28:36.199+0530][info] CPUs: 11 total, 11 available
[2025-08-01T15:28:36.199+0530][info] Memory: 18432M
[2025-08-01T15:28:36.199+0530][info] Large Page Support: Disabled
[2025-08-01T15:28:36.199+0530][info] NUMA Support: Disabled
[2025-08-01T15:28:36.199+0530][info] Compressed Oops: Enabled (Zero based)
[2025-08-01T15:28:36.199+0530][info] Heap Region Size: 4M
[2025-08-01T15:28:36.199+0530][info] Heap Min Capacity: 128M
[2025-08-01T15:28:36.199+0530][info] Heap Initial Capacity: 128M
[2025-08-01T15:28:36.199+0530][info] Heap Max Capacity: 4608M
[2025-08-01T15:28:36.199+0530][info] Pre-touch: Disabled
[2025-08-01T15:28:36.199+0530][info] Parallel Workers: 9
[2025-08-01T15:28:36.199+0530][info] Concurrent Workers: 2
[2025-08-01T15:28:36.199+0530][info] Concurrent Refinement Workers: 9
[2025-08-01T15:28:36.199+0530][info] Periodic GC: Disabled
[2025-08-01T15:28:36.202+0530][info] CDS archive(s) mapped at: [0x0000007000000000-0x0000007000be0000-0x0000007000be0000), size 12451840, SharedBaseAddress: 0x0000007000000000, ArchiveRelocationMode: 1.
[2025-08-01T15:28:36.202+0530][info] Compressed class space mapped at: 0x0000007001000000-0x0000007041000000, reserved size: 1073741824
[2025-08-01T15:28:36.202+0530][info] Narrow klass base: 0x0000007000000000, Narrow klass shift: 0, Narrow klass range: 0x100000000
[2025-08-01T15:28:36.355+0530][info] GC(0) Pause Young (Normal) (G1 Evacuation Pause)
[2025-08-01T15:28:36.355+0530][info] GC(0) Using 3 workers of 9 for evacuation
[2025-08-01T15:28:36.357+0530][info] GC(0)   Pre Evacuate Collection Set: 0.0ms
[2025-08-01T15:28:36.357+0530][info] GC(0)   Merge Heap Roots: 0.0ms
[2025-08-01T15:28:36.357+0530][info] GC(0)   Evacuate Collection Set: 1.5ms
[2025-08-01T15:28:36.357+0530][info] GC(0)   Post Evacuate Collection Set: 0.1ms
[2025-08-01T15:28:36.357+0530][info] GC(0)   Other: 0.3ms
[2025-08-01T15:28:36.357+0530][info] GC(0) Eden regions: 5->0(2)
[2025-08-01T15:28:36.357+0530][info] GC(0) Survivor regions: 0->1(1)
[2025-08-01T15:28:36.357+0530][info] GC(0) Old regions: 0->4
[2025-08-01T15:28:36.357+0530][info] GC(0) Archive regions: 2->2
[2025-08-01T15:28:36.357+0530][info] GC(0) Humongous regions: 0->0
[2025-08-01T15:28:36.357+0530][info] GC(0) Metaspace: 787K(896K)->787K(896K) NonClass: 727K(768K)->727K(768K) Class: 59K(128K)->59K(128K)
[2025-08-01T15:28:36.357+0530][info] GC(0) Pause Young (Normal) (G1 Evacuation Pause) 22M->20M(136M) 1.987ms
[2025-08-01T15:28:36.357+0530][info] GC(0) User=0.00s Sys=0.01s Real=0.00s
[2025-08-01T15:28:36.357+0530][info] GC(1) Pause Young (Normal) (G1 Evacuation Pause)
[2025-08-01T15:28:36.357+0530][info] GC(1) Using 3 workers of 9 for evacuation
[2025-08-01T15:28:36.358+0530][info] GC(1)   Pre Evacuate Collection Set: 0.0ms
[2025-08-01T15:28:36.358+0530][info] GC(1)   Merge Heap Roots: 0.0ms
[2025-08-01T15:28:36.358+0530][info] GC(1)   Evacuate Collection Set: 0.7ms
[2025-08-01T15:28:36.358+0530][info] GC(1)   Post Evacuate Collection Set: 0.1ms
[2025-08-01T15:28:36.358+0530][info] GC(1)   Other: 0.0ms
[2025-08-01T15:28:36.358+0530][info] GC(1) Eden regions: 2->0(5)
[2025-08-01T15:28:36.358+0530][info] GC(1) Survivor regions: 1->1(1)
[2025-08-01T15:28:36.358+0530][info] GC(1) Old regions: 4->6
[2025-08-01T15:28:36.358+0530][info] GC(1) Archive regions: 2->2
[2025-08-01T15:28:36.358+0530][info] GC(1) Humongous regions: 0->0
[2025-08-01T15:28:36.358+0530][info] GC(1) Metaspace: 787K(896K)->787K(896K) NonClass: 728K(768K)->728K(768K) Class: 59K(128K)->59K(128K)
[2025-08-01T15:28:36.358+0530][info] GC(1) Pause Young (Normal) (G1 Evacuation Pause) 27M->28M(136M) 0.965ms
[2025-08-01T15:28:36.358+0530][info] GC(1) User=0.00s Sys=0.00s Real=0.00s
[2025-08-01T15:28:36.568+0530][info] GC(2) Pause Young (Normal) (G1 Evacuation Pause)
[2025-08-01T15:28:36.568+0530][info] GC(2) Using 3 workers of 9 for evacuation
[2025-08-01T15:28:36.569+0530][info] GC(2)   Pre Evacuate Collection Set: 0.0ms
[2025-08-01T15:28:36.569+0530][info] GC(2)   Merge Heap Roots: 0.0ms
[2025-08-01T15:28:36.569+0530][info] GC(2)   Evacuate Collection Set: 1.1ms
[2025-08-01T15:28:36.569+0530][info] GC(2)   Post Evacuate Collection Set: 0.0ms
[2025-08-01T15:28:36.569+0530][info] GC(2)   Other: 0.1ms
[2025-08-01T15:28:36.569+0530][info] GC(2) Eden regions: 5->0(4)
[2025-08-01T15:28:36.569+0530][info] GC(2) Survivor regions: 1->1(1)
[2025-08-01T15:28:36.569+0530][info] GC(2) Old regions: 6->11
[2025-08-01T15:28:36.569+0530][info] GC(2) Archive regions: 2->2
[2025-08-01T15:28:36.569+0530][info] GC(2) Humongous regions: 0->0
[2025-08-01T15:28:36.569+0530][info] GC(2) Metaspace: 787K(896K)->787K(896K) NonClass: 728K(768K)->728K(768K) Class: 59K(128K)->59K(128K)
[2025-08-01T15:28:36.570+0530][info] GC(2) Pause Young (Normal) (G1 Evacuation Pause) 47M->48M(136M) 1.270ms
[2025-08-01T15:28:36.570+0530][info] GC(2) User=0.00s Sys=0.00s Real=0.01s
[2025-08-01T15:28:36.675+0530][info] GC(3) Pause Young (Normal) (G1 Evacuation Pause)
[2025-08-01T15:28:36.675+0530][info] GC(3) Using 3 workers of 9 for evacuation
[2025-08-01T15:28:36.676+0530][info] GC(3)   Pre Evacuate Collection Set: 0.0ms
[2025-08-01T15:28:36.676+0530][info] GC(3)   Merge Heap Roots: 0.0ms
[2025-08-01T15:28:36.676+0530][info] GC(3)   Evacuate Collection Set: 0.8ms
[2025-08-01T15:28:36.676+0530][info] GC(3)   Post Evacuate Collection Set: 0.1ms
[2025-08-01T15:28:36.676+0530][info] GC(3)   Other: 0.1ms
[2025-08-01T15:28:36.676+0530][info] GC(3) Eden regions: 4->0(3)
[2025-08-01T15:28:36.676+0530][info] GC(3) Survivor regions: 1->1(1)
[2025-08-01T15:28:36.676+0530][info] GC(3) Old regions: 11->15
[2025-08-01T15:28:36.676+0530][info] GC(3) Archive regions: 2->2
[2025-08-01T15:28:36.676+0530][info] GC(3) Humongous regions: 0->0
[2025-08-01T15:28:36.676+0530][info] GC(3) Metaspace: 787K(896K)->787K(896K) NonClass: 728K(768K)->728K(768K) Class: 59K(128K)->59K(128K)
[2025-08-01T15:28:36.676+0530][info] GC(3) Pause Young (Normal) (G1 Evacuation Pause) 63M->64M(136M) 1.017ms
[2025-08-01T15:28:36.676+0530][info] GC(3) User=0.00s Sys=0.00s Real=0.00s
[2025-08-01T15:28:36.777+0530][info] GC(4) Pause Young (Concurrent Start) (G1 Evacuation Pause)
[2025-08-01T15:28:36.777+0530][info] GC(4) Using 3 workers of 9 for evacuation
[2025-08-01T15:28:36.779+0530][info] GC(4)   Pre Evacuate Collection Set: 0.0ms
[2025-08-01T15:28:36.779+0530][info] GC(4)   Merge Heap Roots: 0.0ms
[2025-08-01T15:28:36.779+0530][info] GC(4)   Evacuate Collection Set: 1.1ms
[2025-08-01T15:28:36.779+0530][info] GC(4)   Post Evacuate Collection Set: 0.1ms
[2025-08-01T15:28:36.779+0530][info] GC(4)   Other: 0.1ms
[2025-08-01T15:28:36.779+0530][info] GC(4) Eden regions: 3->0(2)
[2025-08-01T15:28:36.779+0530][info] GC(4) Survivor regions: 1->1(1)
[2025-08-01T15:28:36.779+0530][info] GC(4) Old regions: 15->18
[2025-08-01T15:28:36.779+0530][info] GC(4) Archive regions: 2->2
[2025-08-01T15:28:36.779+0530][info] GC(4) Humongous regions: 0->0
[2025-08-01T15:28:36.779+0530][info] GC(4) Metaspace: 787K(896K)->787K(896K) NonClass: 728K(768K)->728K(768K) Class: 59K(128K)->59K(128K)
[2025-08-01T15:28:36.779+0530][info] GC(4) Pause Young (Concurrent Start) (G1 Evacuation Pause) 75M->76M(136M) 1.485ms
[2025-08-01T15:28:36.779+0530][info] GC(4) User=0.00s Sys=0.00s Real=0.00s
[2025-08-01T15:28:36.779+0530][info] GC(5) Concurrent Mark Cycle
[2025-08-01T15:28:36.779+0530][info] GC(5) Concurrent Clear Claimed Marks
[2025-08-01T15:28:36.779+0530][info] GC(5) Concurrent Clear Claimed Marks 0.009ms
[2025-08-01T15:28:36.779+0530][info] GC(5) Concurrent Scan Root Regions
[2025-08-01T15:28:36.779+0530][info] GC(5) Concurrent Scan Root Regions 0.231ms
[2025-08-01T15:28:36.779+0530][info] GC(5) Concurrent Mark
[2025-08-01T15:28:36.779+0530][info] GC(5) Concurrent Mark From Roots
[2025-08-01T15:28:36.779+0530][info] GC(5) Using 2 workers of 2 for marking
[2025-08-01T15:28:36.780+0530][info] GC(5) Concurrent Mark From Roots 1.288ms
[2025-08-01T15:28:36.780+0530][info] GC(5) Concurrent Preclean
[2025-08-01T15:28:36.781+0530][info] GC(5) Concurrent Preclean 0.079ms
[2025-08-01T15:28:36.781+0530][info] GC(5) Pause Remark
[2025-08-01T15:28:36.781+0530][info] GC(5) Pause Remark 83M->83M(156M) 0.686ms
[2025-08-01T15:28:36.781+0530][info] GC(5) User=0.00s Sys=0.01s Real=0.00s
[2025-08-01T15:28:36.782+0530][info] GC(5) Concurrent Mark 2.424ms
[2025-08-01T15:28:36.782+0530][info] GC(5) Concurrent Rebuild Remembered Sets
[2025-08-01T15:28:36.782+0530][info] GC(5) Concurrent Rebuild Remembered Sets 0.787ms
[2025-08-01T15:28:36.782+0530][info] GC(5) Pause Cleanup
[2025-08-01T15:28:36.782+0530][info] GC(5) Pause Cleanup 83M->83M(156M) 0.065ms
[2025-08-01T15:28:36.783+0530][info] GC(5) User=0.00s Sys=0.00s Real=0.00s
[2025-08-01T15:28:36.783+0530][info] GC(5) Concurrent Cleanup for Next Mark
[2025-08-01T15:28:36.783+0530][info] GC(5) Concurrent Cleanup for Next Mark 0.312ms
[2025-08-01T15:28:36.783+0530][info] GC(5) Concurrent Mark Cycle 4.057ms
[2025-08-01T15:28:36.884+0530][info] GC(6) Pause Young (Prepare Mixed) (G1 Evacuation Pause)
[2025-08-01T15:28:36.884+0530][info] GC(6) Using 3 workers of 9 for evacuation
[2025-08-01T15:28:36.886+0530][info] GC(6)   Pre Evacuate Collection Set: 0.1ms
[2025-08-01T15:28:36.886+0530][info] GC(6)   Merge Heap Roots: 0.0ms
[2025-08-01T15:28:36.886+0530][info] GC(6)   Evacuate Collection Set: 1.6ms
[2025-08-01T15:28:36.886+0530][info] GC(6)   Post Evacuate Collection Set: 0.2ms
[2025-08-01T15:28:36.886+0530][info] GC(6)   Other: 0.2ms
[2025-08-01T15:28:36.886+0530][info] GC(6) Eden regions: 2->0(2)
[2025-08-01T15:28:36.886+0530][info] GC(6) Survivor regions: 1->1(1)
[2025-08-01T15:28:36.886+0530][info] GC(6) Old regions: 18->20
[2025-08-01T15:28:36.886+0530][info] GC(6) Archive regions: 2->2
[2025-08-01T15:28:36.886+0530][info] GC(6) Humongous regions: 0->0
[2025-08-01T15:28:36.886+0530][info] GC(6) Metaspace: 787K(896K)->787K(896K) NonClass: 728K(768K)->728K(768K) Class: 59K(128K)->59K(128K)
[2025-08-01T15:28:36.886+0530][info] GC(6) Pause Young (Prepare Mixed) (G1 Evacuation Pause) 83M->84M(156M) 2.187ms
[2025-08-01T15:28:36.886+0530][info] GC(6) User=0.00s Sys=0.00s Real=0.00s
[2025-08-01T15:28:36.887+0530][info] GC(7) Pause Young (Mixed) (G1 Evacuation Pause)
[2025-08-01T15:28:36.888+0530][info] GC(7) Using 3 workers of 9 for evacuation
[2025-08-01T15:28:36.892+0530][info] GC(7)   Pre Evacuate Collection Set: 0.0ms
[2025-08-01T15:28:36.892+0530][info] GC(7)   Merge Heap Roots: 0.0ms
[2025-08-01T15:28:36.892+0530][info] GC(7)   Evacuate Collection Set: 3.3ms
[2025-08-01T15:28:36.892+0530][info] GC(7)   Post Evacuate Collection Set: 0.6ms
[2025-08-01T15:28:36.892+0530][info] GC(7)   Other: 0.1ms
[2025-08-01T15:28:36.892+0530][info] GC(7) Eden regions: 2->0(3)
[2025-08-01T15:28:36.892+0530][info] GC(7) Survivor regions: 1->1(1)
[2025-08-01T15:28:36.892+0530][info] GC(7) Old regions: 20->22
[2025-08-01T15:28:36.892+0530][info] GC(7) Archive regions: 2->2
[2025-08-01T15:28:36.892+0530][info] GC(7) Humongous regions: 0->0
[2025-08-01T15:28:36.892+0530][info] GC(7) Metaspace: 787K(896K)->787K(896K) NonClass: 728K(768K)->728K(768K) Class: 59K(128K)->59K(128K)
[2025-08-01T15:28:36.892+0530][info] GC(7) Pause Young (Mixed) (G1 Evacuation Pause) 91M->92M(392M) 4.230ms
[2025-08-01T15:28:36.892+0530][info] GC(7) User=0.00s Sys=0.01s Real=0.01s
[2025-08-01T15:28:36.997+0530][info] GC(8) Pause Young (Mixed) (G1 Evacuation Pause)
[2025-08-01T15:28:36.998+0530][info] GC(8) Using 9 workers of 9 for evacuation
[2025-08-01T15:28:37.000+0530][info] GC(8)   Pre Evacuate Collection Set: 0.1ms
[2025-08-01T15:28:37.001+0530][info] GC(8)   Merge Heap Roots: 0.0ms
[2025-08-01T15:28:37.001+0530][info] GC(8)   Evacuate Collection Set: 2.0ms
[2025-08-01T15:28:37.001+0530][info] GC(8)   Post Evacuate Collection Set: 0.2ms
[2025-08-01T15:28:37.001+0530][info] GC(8)   Other: 1.1ms
[2025-08-01T15:28:37.001+0530][info] GC(8) Eden regions: 3->0(21)
[2025-08-01T15:28:37.001+0530][info] GC(8) Survivor regions: 1->1(1)
[2025-08-01T15:28:37.001+0530][info] GC(8) Old regions: 22->26
[2025-08-01T15:28:37.001+0530][info] GC(8) Archive regions: 2->2
[2025-08-01T15:28:37.001+0530][info] GC(8) Humongous regions: 0->0
[2025-08-01T15:28:37.001+0530][info] GC(8) Metaspace: 787K(896K)->787K(896K) NonClass: 728K(768K)->728K(768K) Class: 59K(128K)->59K(128K)
[2025-08-01T15:28:37.001+0530][info] GC(8) Pause Young (Mixed) (G1 Evacuation Pause) 103M->108M(392M) 3.925ms
[2025-08-01T15:28:37.001+0530][info] GC(8) User=0.01s Sys=0.00s Real=0.01s
[2025-08-01T15:28:37.638+0530][info] GC(9) Pause Young (Normal) (G1 Evacuation Pause)
[2025-08-01T15:28:37.638+0530][info] GC(9) Using 9 workers of 9 for evacuation
[2025-08-01T15:28:37.644+0530][info] GC(9)   Pre Evacuate Collection Set: 0.1ms
[2025-08-01T15:28:37.644+0530][info] GC(9)   Merge Heap Roots: 0.0ms
[2025-08-01T15:28:37.644+0530][info] GC(9)   Evacuate Collection Set: 6.4ms
[2025-08-01T15:28:37.644+0530][info] GC(9)   Post Evacuate Collection Set: 0.1ms
[2025-08-01T15:28:37.644+0530][info] GC(9)   Other: 0.1ms
[2025-08-01T15:28:37.644+0530][info] GC(9) Eden regions: 21->0(12)
[2025-08-01T15:28:37.644+0530][info] GC(9) Survivor regions: 1->3(3)
[2025-08-01T15:28:37.644+0530][info] GC(9) Old regions: 26->44
[2025-08-01T15:28:37.644+0530][info] GC(9) Archive regions: 2->2
[2025-08-01T15:28:37.644+0530][info] GC(9) Humongous regions: 0->0
[2025-08-01T15:28:37.644+0530][info] GC(9) Metaspace: 789K(896K)->789K(896K) NonClass: 729K(768K)->729K(768K) Class: 59K(128K)->59K(128K)
[2025-08-01T15:28:37.644+0530][info] GC(9) Pause Young (Normal) (G1 Evacuation Pause) 191M->190M(392M) 6.972ms
[2025-08-01T15:28:37.645+0530][info] GC(9) User=0.02s Sys=0.02s Real=0.01s
[2025-08-01T15:28:38.062+0530][info] GC(10) Pause Young (Concurrent Start) (G1 Evacuation Pause)
[2025-08-01T15:28:38.062+0530][info] GC(10) Using 9 workers of 9 for evacuation
[2025-08-01T15:28:38.071+0530][info] GC(10)   Pre Evacuate Collection Set: 0.1ms
[2025-08-01T15:28:38.072+0530][info] GC(10)   Merge Heap Roots: 0.1ms
[2025-08-01T15:28:38.072+0530][info] GC(10)   Evacuate Collection Set: 8.9ms
[2025-08-01T15:28:38.072+0530][info] GC(10)   Post Evacuate Collection Set: 0.2ms
[2025-08-01T15:28:38.072+0530][info] GC(10)   Other: 0.4ms
[2025-08-01T15:28:38.072+0530][info] GC(10) Eden regions: 12->0(8)
[2025-08-01T15:28:38.072+0530][info] GC(10) Survivor regions: 3->2(2)
[2025-08-01T15:28:38.072+0530][info] GC(10) Old regions: 44->57
[2025-08-01T15:28:38.072+0530][info] GC(10) Archive regions: 2->2
[2025-08-01T15:28:38.072+0530][info] GC(10) Humongous regions: 0->0
[2025-08-01T15:28:38.072+0530][info] GC(10) Metaspace: 789K(896K)->789K(896K) NonClass: 729K(768K)->729K(768K) Class: 59K(128K)->59K(128K)
[2025-08-01T15:28:38.072+0530][info] GC(10) Pause Young (Concurrent Start) (G1 Evacuation Pause) 237M->238M(392M) 9.853ms
[2025-08-01T15:28:38.072+0530][info] GC(10) User=0.01s Sys=0.03s Real=0.01s
[2025-08-01T15:28:38.072+0530][info] GC(11) Concurrent Mark Cycle
[2025-08-01T15:28:38.072+0530][info] GC(11) Concurrent Clear Claimed Marks
[2025-08-01T15:28:38.072+0530][info] GC(11) Concurrent Clear Claimed Marks 0.023ms
[2025-08-01T15:28:38.072+0530][info] GC(11) Concurrent Scan Root Regions
[2025-08-01T15:28:38.072+0530][info] GC(11) Concurrent Scan Root Regions 0.542ms
[2025-08-01T15:28:38.072+0530][info] GC(11) Concurrent Mark
[2025-08-01T15:28:38.072+0530][info] GC(11) Concurrent Mark From Roots
[2025-08-01T15:28:38.072+0530][info] GC(11) Using 2 workers of 2 for marking
[2025-08-01T15:28:38.075+0530][info] GC(11) Concurrent Mark From Roots 2.503ms
[2025-08-01T15:28:38.075+0530][info] GC(11) Concurrent Preclean
[2025-08-01T15:28:38.075+0530][info] GC(11) Concurrent Preclean 0.066ms
[2025-08-01T15:28:38.075+0530][info] GC(11) Pause Remark
[2025-08-01T15:28:38.076+0530][info] GC(11) Pause Remark 246M->246M(428M) 0.647ms
[2025-08-01T15:28:38.076+0530][info] GC(11) User=0.00s Sys=0.00s Real=0.00s
[2025-08-01T15:28:38.076+0530][info] GC(11) Concurrent Mark 3.598ms
[2025-08-01T15:28:38.076+0530][info] GC(11) Concurrent Rebuild Remembered Sets
[2025-08-01T15:28:38.077+0530][info] GC(11) Concurrent Rebuild Remembered Sets 0.843ms
[2025-08-01T15:28:38.077+0530][info] GC(11) Pause Cleanup
[2025-08-01T15:28:38.077+0530][info] GC(11) Pause Cleanup 246M->246M(428M) 0.111ms
[2025-08-01T15:28:38.077+0530][info] GC(11) User=0.00s Sys=0.00s Real=0.00s
[2025-08-01T15:28:38.077+0530][info] GC(11) Concurrent Cleanup for Next Mark
[2025-08-01T15:28:38.078+0530][info] GC(11) Concurrent Cleanup for Next Mark 1.132ms
[2025-08-01T15:28:38.079+0530][info] GC(11) Concurrent Mark Cycle 6.749ms
[2025-08-01T15:28:38.280+0530][info] GC(12) Pause Young (Prepare Mixed) (G1 Evacuation Pause)
[2025-08-01T15:28:38.280+0530][info] GC(12) Using 9 workers of 9 for evacuation
[2025-08-01T15:28:38.292+0530][info] GC(12)   Pre Evacuate Collection Set: 0.2ms
[2025-08-01T15:28:38.292+0530][info] GC(12)   Merge Heap Roots: 0.1ms
[2025-08-01T15:28:38.292+0530][info] GC(12)   Evacuate Collection Set: 11.6ms
[2025-08-01T15:28:38.292+0530][info] GC(12)   Post Evacuate Collection Set: 0.3ms
[2025-08-01T15:28:38.292+0530][info] GC(12)   Other: 0.4ms
[2025-08-01T15:28:38.292+0530][info] GC(12) Eden regions: 8->0(3)
[2025-08-01T15:28:38.292+0530][info] GC(12) Survivor regions: 2->2(2)
[2025-08-01T15:28:38.292+0530][info] GC(12) Old regions: 57->65
[2025-08-01T15:28:38.292+0530][info] GC(12) Archive regions: 2->2
[2025-08-01T15:28:38.292+0530][info] GC(12) Humongous regions: 0->0
[2025-08-01T15:28:38.292+0530][info] GC(12) Metaspace: 789K(896K)->789K(896K) NonClass: 729K(768K)->729K(768K) Class: 59K(128K)->59K(128K)
[2025-08-01T15:28:38.292+0530][info] GC(12) Pause Young (Prepare Mixed) (G1 Evacuation Pause) 269M->270M(428M) 12.934ms
[2025-08-01T15:28:38.293+0530][info] GC(12) User=0.01s Sys=0.03s Real=0.01s
[2025-08-01T15:28:38.398+0530][info] GC(13) Pause Young (Mixed) (G1 Evacuation Pause)
[2025-08-01T15:28:38.399+0530][info] GC(13) Using 9 workers of 9 for evacuation
[2025-08-01T15:28:38.411+0530][info] GC(13)   Pre Evacuate Collection Set: 0.1ms
[2025-08-01T15:28:38.411+0530][info] GC(13)   Merge Heap Roots: 0.1ms
[2025-08-01T15:28:38.411+0530][info] GC(13)   Evacuate Collection Set: 9.7ms
[2025-08-01T15:28:38.411+0530][info] GC(13)   Post Evacuate Collection Set: 1.9ms
[2025-08-01T15:28:38.411+0530][info] GC(13)   Other: 0.6ms
[2025-08-01T15:28:38.411+0530][info] GC(13) Eden regions: 3->0(12)
[2025-08-01T15:28:38.411+0530][info] GC(13) Survivor regions: 2->1(1)
[2025-08-01T15:28:38.411+0530][info] GC(13) Old regions: 65->68
[2025-08-01T15:28:38.411+0530][info] GC(13) Archive regions: 2->2
[2025-08-01T15:28:38.411+0530][info] GC(13) Humongous regions: 0->0
[2025-08-01T15:28:38.411+0530][info] GC(13) Metaspace: 789K(896K)->789K(896K) NonClass: 729K(768K)->729K(768K) Class: 59K(128K)->59K(128K)
[2025-08-01T15:28:38.411+0530][info] GC(13) Pause Young (Mixed) (G1 Evacuation Pause) 281M->278M(1100M) 12.736ms
[2025-08-01T15:28:38.411+0530][info] GC(13) User=0.01s Sys=0.01s Real=0.02s
[2025-08-01T15:28:38.842+0530][info] GC(14) Pause Young (Mixed) (G1 Evacuation Pause)
[2025-08-01T15:28:38.842+0530][info] GC(14) Using 9 workers of 9 for evacuation
[2025-08-01T15:28:38.849+0530][info] GC(14)   Pre Evacuate Collection Set: 0.2ms
[2025-08-01T15:28:38.849+0530][info] GC(14)   Merge Heap Roots: 0.1ms
[2025-08-01T15:28:38.849+0530][info] GC(14)   Evacuate Collection Set: 6.7ms
[2025-08-01T15:28:38.849+0530][info] GC(14)   Post Evacuate Collection Set: 0.2ms
[2025-08-01T15:28:38.849+0530][info] GC(14)   Other: 0.3ms
[2025-08-01T15:28:38.849+0530][info] GC(14) Eden regions: 12->0(53)
[2025-08-01T15:28:38.849+0530][info] GC(14) Survivor regions: 1->2(2)
[2025-08-01T15:28:38.849+0530][info] GC(14) Old regions: 68->79
[2025-08-01T15:28:38.849+0530][info] GC(14) Archive regions: 2->2
[2025-08-01T15:28:38.849+0530][info] GC(14) Humongous regions: 0->0
[2025-08-01T15:28:38.849+0530][info] GC(14) Metaspace: 789K(896K)->789K(896K) NonClass: 729K(768K)->729K(768K) Class: 59K(128K)->59K(128K)
[2025-08-01T15:28:38.849+0530][info] GC(14) Pause Young (Mixed) (G1 Evacuation Pause) 325M->326M(1100M) 7.611ms
[2025-08-01T15:28:38.849+0530][info] GC(14) User=0.02s Sys=0.01s Real=0.00s
[2025-08-01T15:28:40.541+0530][info] GC(15) Pause Young (Normal) (G1 Evacuation Pause)
[2025-08-01T15:28:40.541+0530][info] GC(15) Using 9 workers of 9 for evacuation
[2025-08-01T15:28:40.569+0530][info] GC(15)   Pre Evacuate Collection Set: 0.1ms
[2025-08-01T15:28:40.569+0530][info] GC(15)   Merge Heap Roots: 0.0ms
[2025-08-01T15:28:40.569+0530][info] GC(15)   Evacuate Collection Set: 27.1ms
[2025-08-01T15:28:40.569+0530][info] GC(15)   Post Evacuate Collection Set: 0.2ms
[2025-08-01T15:28:40.569+0530][info] GC(15)   Other: 0.2ms
[2025-08-01T15:28:40.569+0530][info] GC(15) Eden regions: 53->0(36)
[2025-08-01T15:28:40.569+0530][info] GC(15) Survivor regions: 2->7(7)
[2025-08-01T15:28:40.569+0530][info] GC(15) Old regions: 79->127
[2025-08-01T15:28:40.569+0530][info] GC(15) Archive regions: 2->2
[2025-08-01T15:28:40.569+0530][info] GC(15) Humongous regions: 0->0
[2025-08-01T15:28:40.569+0530][info] GC(15) Metaspace: 789K(896K)->789K(896K) NonClass: 729K(768K)->729K(768K) Class: 59K(128K)->59K(128K)
[2025-08-01T15:28:40.569+0530][info] GC(15) Pause Young (Normal) (G1 Evacuation Pause) 537M->537M(1100M) 27.763ms
[2025-08-01T15:28:40.569+0530][info] GC(15) User=0.04s Sys=0.08s Real=0.02s
[2025-08-01T15:28:41.613+0530][info] GC(16) Pause Young (Concurrent Start) (G1 Evacuation Pause)
[2025-08-01T15:28:41.613+0530][info] GC(16) Using 9 workers of 9 for evacuation
[2025-08-01T15:28:41.635+0530][info] GC(16)   Pre Evacuate Collection Set: 0.2ms
[2025-08-01T15:28:41.635+0530][info] GC(16)   Merge Heap Roots: 0.1ms
[2025-08-01T15:28:41.635+0530][info] GC(16)   Evacuate Collection Set: 20.8ms
[2025-08-01T15:28:41.635+0530][info] GC(16)   Post Evacuate Collection Set: 0.2ms
[2025-08-01T15:28:41.635+0530][info] GC(16)   Other: 0.4ms
[2025-08-01T15:28:41.635+0530][info] GC(16) Eden regions: 36->0(26)
[2025-08-01T15:28:41.635+0530][info] GC(16) Survivor regions: 7->6(6)
[2025-08-01T15:28:41.635+0530][info] GC(16) Old regions: 127->164
[2025-08-01T15:28:41.635+0530][info] GC(16) Archive regions: 2->2
[2025-08-01T15:28:41.635+0530][info] GC(16) Humongous regions: 0->0
[2025-08-01T15:28:41.635+0530][info] GC(16) Metaspace: 789K(896K)->789K(896K) NonClass: 729K(768K)->729K(768K) Class: 59K(128K)->59K(128K)
[2025-08-01T15:28:41.635+0530][info] GC(16) Pause Young (Concurrent Start) (G1 Evacuation Pause) 680M->680M(1100M) 21.728ms
[2025-08-01T15:28:41.635+0530][info] GC(16) User=0.02s Sys=0.07s Real=0.02s
[2025-08-01T15:28:41.635+0530][info] GC(17) Concurrent Mark Cycle
[2025-08-01T15:28:41.635+0530][info] GC(17) Concurrent Clear Claimed Marks
[2025-08-01T15:28:41.635+0530][info] GC(17) Concurrent Clear Claimed Marks 0.015ms
[2025-08-01T15:28:41.635+0530][info] GC(17) Concurrent Scan Root Regions
[2025-08-01T15:28:41.636+0530][info] GC(17) Concurrent Scan Root Regions 0.888ms
[2025-08-01T15:28:41.636+0530][info] GC(17) Concurrent Mark
[2025-08-01T15:28:41.636+0530][info] GC(17) Concurrent Mark From Roots
[2025-08-01T15:28:41.636+0530][info] GC(17) Using 2 workers of 2 for marking
[2025-08-01T15:28:41.638+0530][info] GC(17) Concurrent Mark From Roots 1.804ms
[2025-08-01T15:28:41.638+0530][info] GC(17) Concurrent Preclean
[2025-08-01T15:28:41.638+0530][info] GC(17) Concurrent Preclean 0.044ms
[2025-08-01T15:28:41.638+0530][info] GC(17) Pause Remark
[2025-08-01T15:28:41.638+0530][info] GC(17) Pause Remark 684M->684M(1160M) 0.555ms
[2025-08-01T15:28:41.638+0530][info] GC(17) User=0.00s Sys=0.00s Real=0.00s
[2025-08-01T15:28:41.638+0530][info] GC(17) Concurrent Mark 2.608ms
[2025-08-01T15:28:41.638+0530][info] GC(17) Concurrent Rebuild Remembered Sets
[2025-08-01T15:28:41.640+0530][info] GC(17) Concurrent Rebuild Remembered Sets 1.610ms
[2025-08-01T15:28:41.640+0530][info] GC(17) Pause Cleanup
[2025-08-01T15:28:41.640+0530][info] GC(17) Pause Cleanup 684M->684M(1160M) 0.117ms
[2025-08-01T15:28:41.640+0530][info] GC(17) User=0.00s Sys=0.00s Real=0.00s
[2025-08-01T15:28:41.640+0530][info] GC(17) Concurrent Cleanup for Next Mark
[2025-08-01T15:28:41.643+0530][info] GC(17) Concurrent Cleanup for Next Mark 2.352ms
[2025-08-01T15:28:41.643+0530][info] GC(17) Concurrent Mark Cycle 7.914ms
[2025-08-01T15:28:42.484+0530][info] GC(18) Pause Young (Prepare Mixed) (G1 Evacuation Pause)
[2025-08-01T15:28:42.485+0530][info] GC(18) Using 9 workers of 9 for evacuation
[2025-08-01T15:28:42.508+0530][info] GC(18)   Pre Evacuate Collection Set: 0.1ms
[2025-08-01T15:28:42.508+0530][info] GC(18)   Merge Heap Roots: 0.1ms
[2025-08-01T15:28:42.508+0530][info] GC(18)   Evacuate Collection Set: 22.4ms
[2025-08-01T15:28:42.508+0530][info] GC(18)   Post Evacuate Collection Set: 0.2ms
[2025-08-01T15:28:42.508+0530][info] GC(18)   Other: 0.4ms
[2025-08-01T15:28:42.508+0530][info] GC(18) Eden regions: 26->0(10)
[2025-08-01T15:28:42.508+0530][info] GC(18) Survivor regions: 6->4(4)
[2025-08-01T15:28:42.508+0530][info] GC(18) Old regions: 164->191
[2025-08-01T15:28:42.508+0530][info] GC(18) Archive regions: 2->2
[2025-08-01T15:28:42.508+0530][info] GC(18) Humongous regions: 0->0
[2025-08-01T15:28:42.508+0530][info] GC(18) Metaspace: 789K(896K)->789K(896K) NonClass: 729K(768K)->729K(768K) Class: 59K(128K)->59K(128K)
[2025-08-01T15:28:42.508+0530][info] GC(18) Pause Young (Prepare Mixed) (G1 Evacuation Pause) 783M->782M(1160M) 23.401ms
[2025-08-01T15:28:42.508+0530][info] GC(18) User=0.02s Sys=0.05s Real=0.02s
[2025-08-01T15:28:42.815+0530][info] GC(19) Pause Young (Mixed) (G1 Evacuation Pause)
[2025-08-01T15:28:42.815+0530][info] GC(19) Using 9 workers of 9 for evacuation
[2025-08-01T15:28:42.838+0530][info] GC(19)   Pre Evacuate Collection Set: 0.2ms
[2025-08-01T15:28:42.838+0530][info] GC(19)   Merge Heap Roots: 0.1ms
[2025-08-01T15:28:42.838+0530][info] GC(19)   Evacuate Collection Set: 23.0ms
[2025-08-01T15:28:42.838+0530][info] GC(19)   Post Evacuate Collection Set: 0.2ms
[2025-08-01T15:28:42.838+0530][info] GC(19)   Other: 0.3ms
[2025-08-01T15:28:42.839+0530][info] GC(19) Eden regions: 10->0(12)
[2025-08-01T15:28:42.839+0530][info] GC(19) Survivor regions: 4->2(2)
[2025-08-01T15:28:42.839+0530][info] GC(19) Old regions: 191->204
[2025-08-01T15:28:42.839+0530][info] GC(19) Archive regions: 2->2
[2025-08-01T15:28:42.839+0530][info] GC(19) Humongous regions: 0->0
[2025-08-01T15:28:42.839+0530][info] GC(19) Metaspace: 789K(896K)->789K(896K) NonClass: 730K(768K)->730K(768K) Class: 59K(128K)->59K(128K)
[2025-08-01T15:28:42.839+0530][info] GC(19) Pause Young (Mixed) (G1 Evacuation Pause) 821M->824M(1160M) 24.072ms
[2025-08-01T15:28:42.839+0530][info] GC(19) User=0.04s Sys=0.05s Real=0.02s
[2025-08-01T15:28:43.252+0530][info] GC(20) Pause Young (Mixed) (G1 Evacuation Pause)
[2025-08-01T15:28:43.252+0530][info] GC(20) Using 9 workers of 9 for evacuation
[2025-08-01T15:28:43.266+0530][info] GC(20)   Pre Evacuate Collection Set: 0.2ms
[2025-08-01T15:28:43.266+0530][info] GC(20)   Merge Heap Roots: 0.1ms
[2025-08-01T15:28:43.266+0530][info] GC(20)   Evacuate Collection Set: 13.2ms
[2025-08-01T15:28:43.266+0530][info] GC(20)   Post Evacuate Collection Set: 0.2ms
[2025-08-01T15:28:43.266+0530][info] GC(20)   Other: 0.3ms
[2025-08-01T15:28:43.266+0530][info] GC(20) Eden regions: 12->0(12)
[2025-08-01T15:28:43.266+0530][info] GC(20) Survivor regions: 2->2(2)
[2025-08-01T15:28:43.266+0530][info] GC(20) Old regions: 204->216
[2025-08-01T15:28:43.266+0530][info] GC(20) Archive regions: 2->2
[2025-08-01T15:28:43.266+0530][info] GC(20) Humongous regions: 0->0
[2025-08-01T15:28:43.266+0530][info] GC(20) Metaspace: 791K(896K)->791K(896K) NonClass: 732K(768K)->732K(768K) Class: 59K(128K)->59K(128K)
[2025-08-01T15:28:43.266+0530][info] GC(20) Pause Young (Mixed) (G1 Evacuation Pause) 871M->874M(1160M) 13.965ms
[2025-08-01T15:28:43.266+0530][info] GC(20) User=0.06s Sys=0.01s Real=0.01s
[2025-08-01T15:28:43.576+0530][info] GC(21) Pause Young (Mixed) (G1 Evacuation Pause)
[2025-08-01T15:28:43.576+0530][info] GC(21) Using 9 workers of 9 for evacuation
[2025-08-01T15:28:43.585+0530][info] GC(21)   Pre Evacuate Collection Set: 0.2ms
[2025-08-01T15:28:43.585+0530][info] GC(21)   Merge Heap Roots: 0.1ms
[2025-08-01T15:28:43.585+0530][info] GC(21)   Evacuate Collection Set: 8.1ms
[2025-08-01T15:28:43.585+0530][info] GC(21)   Post Evacuate Collection Set: 0.2ms
[2025-08-01T15:28:43.585+0530][info] GC(21)   Other: 0.3ms
[2025-08-01T15:28:43.585+0530][info] GC(21) Eden regions: 12->0(12)
[2025-08-01T15:28:43.585+0530][info] GC(21) Survivor regions: 2->2(2)
[2025-08-01T15:28:43.585+0530][info] GC(21) Old regions: 216->229
[2025-08-01T15:28:43.585+0530][info] GC(21) Archive regions: 2->2
[2025-08-01T15:28:43.585+0530][info] GC(21) Humongous regions: 0->0
[2025-08-01T15:28:43.585+0530][info] GC(21) Metaspace: 791K(896K)->791K(896K) NonClass: 732K(768K)->732K(768K) Class: 59K(128K)->59K(128K)
[2025-08-01T15:28:43.585+0530][info] GC(21) Pause Young (Mixed) (G1 Evacuation Pause) 921M->924M(1160M) 9.206ms
[2025-08-01T15:28:43.586+0530][info] GC(21) User=0.03s Sys=0.01s Real=0.01s
[2025-08-01T15:28:44.002+0530][info] GC(22) Pause Young (Normal) (G1 Evacuation Pause)
[2025-08-01T15:28:44.002+0530][info] GC(22) Using 9 workers of 9 for evacuation
[2025-08-01T15:28:44.007+0530][info] GC(22)   Pre Evacuate Collection Set: 0.2ms
[2025-08-01T15:28:44.007+0530][info] GC(22)   Merge Heap Roots: 0.1ms
[2025-08-01T15:28:44.007+0530][info] GC(22)   Evacuate Collection Set: 4.3ms
[2025-08-01T15:28:44.007+0530][info] GC(22)   Post Evacuate Collection Set: 0.2ms
[2025-08-01T15:28:44.007+0530][info] GC(22)   Other: 0.6ms
[2025-08-01T15:28:44.008+0530][info] GC(22) Eden regions: 12->0(12)
[2025-08-01T15:28:44.008+0530][info] GC(22) Survivor regions: 2->2(2)
[2025-08-01T15:28:44.008+0530][info] GC(22) Old regions: 229->241
[2025-08-01T15:28:44.008+0530][info] GC(22) Archive regions: 2->2
[2025-08-01T15:28:44.008+0530][info] GC(22) Humongous regions: 0->0
[2025-08-01T15:28:44.008+0530][info] GC(22) Metaspace: 792K(896K)->792K(896K) NonClass: 732K(768K)->732K(768K) Class: 59K(128K)->59K(128K)
[2025-08-01T15:28:44.008+0530][info] GC(22) Pause Young (Normal) (G1 Evacuation Pause) 971M->972M(1160M) 5.690ms
[2025-08-01T15:28:44.008+0530][info] GC(22) User=0.02s Sys=0.00s Real=0.00s
[2025-08-01T15:28:44.318+0530][info] GC(23) Pause Young (Normal) (G1 Evacuation Pause)
[2025-08-01T15:28:44.318+0530][info] GC(23) Using 9 workers of 9 for evacuation
[2025-08-01T15:28:44.323+0530][info] GC(23)   Pre Evacuate Collection Set: 0.1ms
[2025-08-01T15:28:44.323+0530][info] GC(23)   Merge Heap Roots: 0.1ms
[2025-08-01T15:28:44.323+0530][info] GC(23)   Evacuate Collection Set: 4.5ms
[2025-08-01T15:28:44.323+0530][info] GC(23)   Post Evacuate Collection Set: 0.1ms
[2025-08-01T15:28:44.323+0530][info] GC(23)   Other: 0.3ms
[2025-08-01T15:28:44.323+0530][info] GC(23) Eden regions: 12->0(12)
[2025-08-01T15:28:44.323+0530][info] GC(23) Survivor regions: 2->2(2)
[2025-08-01T15:28:44.323+0530][info] GC(23) Old regions: 241->253
[2025-08-01T15:28:44.323+0530][info] GC(23) Archive regions: 2->2
[2025-08-01T15:28:44.323+0530][info] GC(23) Humongous regions: 0->0
[2025-08-01T15:28:44.323+0530][info] GC(23) Metaspace: 792K(896K)->792K(896K) NonClass: 732K(768K)->732K(768K) Class: 59K(128K)->59K(128K)
[2025-08-01T15:28:44.323+0530][info] GC(23) Pause Young (Normal) (G1 Evacuation Pause) 1019M->1020M(1160M) 5.312ms
[2025-08-01T15:28:44.323+0530][info] GC(23) User=0.02s Sys=0.00s Real=0.01s
[2025-08-01T15:28:44.740+0530][info] GC(24) Pause Young (Concurrent Start) (G1 Evacuation Pause)
[2025-08-01T15:28:44.740+0530][info] GC(24) Using 9 workers of 9 for evacuation
[2025-08-01T15:28:44.741+0530][info] GC(24)   Pre Evacuate Collection Set: 0.1ms
[2025-08-01T15:28:44.741+0530][info] GC(24)   Merge Heap Roots: 0.0ms
[2025-08-01T15:28:44.741+0530][info] GC(24)   Evacuate Collection Set: 1.0ms
[2025-08-01T15:28:44.741+0530][info] GC(24)   Post Evacuate Collection Set: 0.1ms
[2025-08-01T15:28:44.741+0530][info] GC(24)   Other: 0.1ms
[2025-08-01T15:28:44.741+0530][info] GC(24) Eden regions: 12->0(12)
[2025-08-01T15:28:44.741+0530][info] GC(24) Survivor regions: 2->2(2)
[2025-08-01T15:28:44.741+0530][info] GC(24) Old regions: 253->265
[2025-08-01T15:28:44.741+0530][info] GC(24) Archive regions: 2->2
[2025-08-01T15:28:44.741+0530][info] GC(24) Humongous regions: 0->0
[2025-08-01T15:28:44.741+0530][info] GC(24) Metaspace: 792K(896K)->792K(896K) NonClass: 732K(768K)->732K(768K) Class: 59K(128K)->59K(128K)
[2025-08-01T15:28:44.741+0530][info] GC(24) Pause Young (Concurrent Start) (G1 Evacuation Pause) 1067M->1068M(1160M) 1.398ms
[2025-08-01T15:28:44.741+0530][info] GC(24) User=0.01s Sys=0.00s Real=0.00s
[2025-08-01T15:28:44.741+0530][info] GC(25) Concurrent Mark Cycle
[2025-08-01T15:28:44.741+0530][info] GC(25) Concurrent Clear Claimed Marks
[2025-08-01T15:28:44.741+0530][info] GC(25) Concurrent Clear Claimed Marks 0.009ms
[2025-08-01T15:28:44.741+0530][info] GC(25) Concurrent Scan Root Regions
[2025-08-01T15:28:44.741+0530][info] GC(25) Concurrent Scan Root Regions 0.015ms
[2025-08-01T15:28:44.741+0530][info] GC(25) Concurrent Mark
[2025-08-01T15:28:44.741+0530][info] GC(25) Concurrent Mark From Roots
[2025-08-01T15:28:44.741+0530][info] GC(25) Using 2 workers of 2 for marking
[2025-08-01T15:28:44.743+0530][info] GC(25) Concurrent Mark From Roots 1.913ms
[2025-08-01T15:28:44.743+0530][info] GC(25) Concurrent Preclean
[2025-08-01T15:28:44.743+0530][info] GC(25) Concurrent Preclean 0.019ms
[2025-08-01T15:28:44.743+0530][info] GC(25) Pause Remark
[2025-08-01T15:28:44.744+0530][info] GC(25) Pause Remark 1075M->1075M(1808M) 0.778ms
[2025-08-01T15:28:44.744+0530][info] GC(25) User=0.00s Sys=0.01s Real=0.00s
[2025-08-01T15:28:44.744+0530][info] GC(25) Concurrent Mark 2.796ms
[2025-08-01T15:28:44.744+0530][info] GC(25) Concurrent Rebuild Remembered Sets
[2025-08-01T15:28:44.745+0530][info] GC(25) Concurrent Rebuild Remembered Sets 1.322ms
[2025-08-01T15:28:44.745+0530][info] GC(25) Pause Cleanup
[2025-08-01T15:28:44.745+0530][info] GC(25) Pause Cleanup 1075M->1075M(1808M) 0.074ms
[2025-08-01T15:28:44.745+0530][info] GC(25) User=0.00s Sys=0.00s Real=0.00s
[2025-08-01T15:28:44.745+0530][info] GC(25) Concurrent Cleanup for Next Mark
[2025-08-01T15:28:44.747+0530][info] GC(25) Concurrent Cleanup for Next Mark 1.534ms
[2025-08-01T15:28:44.747+0530][info] GC(25) Concurrent Mark Cycle 5.887ms
[2025-08-01T15:28:45.376+0530][info] GC(26) Pause Young (Prepare Mixed) (G1 Evacuation Pause)
[2025-08-01T15:28:45.376+0530][info] GC(26) Using 9 workers of 9 for evacuation
[2025-08-01T15:28:45.385+0530][info] GC(26)   Pre Evacuate Collection Set: 0.2ms
[2025-08-01T15:28:45.385+0530][info] GC(26)   Merge Heap Roots: 0.1ms
[2025-08-01T15:28:45.385+0530][info] GC(26)   Evacuate Collection Set: 8.5ms
[2025-08-01T15:28:45.386+0530][info] GC(26)   Post Evacuate Collection Set: 0.2ms
[2025-08-01T15:28:45.386+0530][info] GC(26)   Other: 0.4ms
[2025-08-01T15:28:45.386+0530][info] GC(26) Eden regions: 20->0(19)
[2025-08-01T15:28:45.386+0530][info] GC(26) Survivor regions: 2->3(3)
[2025-08-01T15:28:45.386+0530][info] GC(26) Old regions: 265->284
[2025-08-01T15:28:45.386+0530][info] GC(26) Archive regions: 2->2
[2025-08-01T15:28:45.386+0530][info] GC(26) Humongous regions: 0->0
[2025-08-01T15:28:45.386+0530][info] GC(26) Metaspace: 792K(896K)->792K(896K) NonClass: 732K(768K)->732K(768K) Class: 59K(128K)->59K(128K)
[2025-08-01T15:28:45.386+0530][info] GC(26) Pause Young (Prepare Mixed) (G1 Evacuation Pause) 1147M->1149M(1808M) 9.482ms
[2025-08-01T15:28:45.386+0530][info] GC(26) User=0.03s Sys=0.02s Real=0.01s
[2025-08-01T15:28:46.015+0530][info] GC(27) Pause Young (Mixed) (G1 Evacuation Pause)
[2025-08-01T15:28:46.015+0530][info] GC(27) Using 9 workers of 9 for evacuation
[2025-08-01T15:28:46.048+0530][info] GC(27)   Pre Evacuate Collection Set: 0.1ms
[2025-08-01T15:28:46.048+0530][info] GC(27)   Merge Heap Roots: 0.1ms
[2025-08-01T15:28:46.048+0530][info] GC(27)   Evacuate Collection Set: 32.1ms
[2025-08-01T15:28:46.048+0530][info] GC(27)   Post Evacuate Collection Set: 0.4ms
[2025-08-01T15:28:46.048+0530][info] GC(27)   Other: 0.3ms
[2025-08-01T15:28:46.048+0530][info] GC(27) Eden regions: 19->0(19)
[2025-08-01T15:28:46.048+0530][info] GC(27) Survivor regions: 3->3(3)
[2025-08-01T15:28:46.048+0530][info] GC(27) Old regions: 284->302
[2025-08-01T15:28:46.048+0530][info] GC(27) Archive regions: 2->2
[2025-08-01T15:28:46.048+0530][info] GC(27) Humongous regions: 0->0
[2025-08-01T15:28:46.048+0530][info] GC(27) Metaspace: 793K(960K)->793K(960K) NonClass: 733K(832K)->733K(832K) Class: 59K(128K)->59K(128K)
[2025-08-01T15:28:46.048+0530][info] GC(27) Pause Young (Mixed) (G1 Evacuation Pause) 1224M->1220M(1808M) 32.992ms
[2025-08-01T15:28:46.048+0530][info] GC(27) User=0.03s Sys=0.13s Real=0.03s
[2025-08-01T15:28:46.568+0530][info] GC(28) Pause Young (Mixed) (G1 Evacuation Pause)
[2025-08-01T15:28:46.568+0530][info] GC(28) Using 9 workers of 9 for evacuation
[2025-08-01T15:28:46.583+0530][info] GC(28)   Pre Evacuate Collection Set: 0.2ms
[2025-08-01T15:28:46.583+0530][info] GC(28)   Merge Heap Roots: 0.1ms
[2025-08-01T15:28:46.583+0530][info] GC(28)   Evacuate Collection Set: 14.3ms
[2025-08-01T15:28:46.583+0530][info] GC(28)   Post Evacuate Collection Set: 0.5ms
[2025-08-01T15:28:46.583+0530][info] GC(28)   Other: 0.4ms
[2025-08-01T15:28:46.584+0530][info] GC(28) Eden regions: 19->0(19)
[2025-08-01T15:28:46.584+0530][info] GC(28) Survivor regions: 3->3(3)
[2025-08-01T15:28:46.584+0530][info] GC(28) Old regions: 302->320
[2025-08-01T15:28:46.584+0530][info] GC(28) Archive regions: 2->2
[2025-08-01T15:28:46.584+0530][info] GC(28) Humongous regions: 0->0
[2025-08-01T15:28:46.584+0530][info] GC(28) Metaspace: 793K(960K)->793K(960K) NonClass: 733K(832K)->733K(832K) Class: 59K(128K)->59K(128K)
[2025-08-01T15:28:46.584+0530][info] GC(28) Pause Young (Mixed) (G1 Evacuation Pause) 1295M->1294M(1808M) 15.513ms
[2025-08-01T15:28:46.584+0530][info] GC(28) User=0.03s Sys=0.05s Real=0.02s
[2025-08-01T15:28:47.204+0530][info] GC(29) Pause Young (Mixed) (G1 Evacuation Pause)
[2025-08-01T15:28:47.204+0530][info] GC(29) Using 9 workers of 9 for evacuation
[2025-08-01T15:28:47.213+0530][info] GC(29)   Pre Evacuate Collection Set: 0.1ms
[2025-08-01T15:28:47.215+0530][info] GC(29)   Merge Heap Roots: 0.0ms
[2025-08-01T15:28:47.215+0530][info] GC(29)   Evacuate Collection Set: 8.7ms
[2025-08-01T15:28:47.215+0530][info] GC(29)   Post Evacuate Collection Set: 0.2ms
[2025-08-01T15:28:47.215+0530][info] GC(29)   Other: 0.1ms
[2025-08-01T15:28:47.215+0530][info] GC(29) Eden regions: 19->0(19)
[2025-08-01T15:28:47.215+0530][info] GC(29) Survivor regions: 3->3(3)
[2025-08-01T15:28:47.215+0530][info] GC(29) Old regions: 320->341
[2025-08-01T15:28:47.215+0530][info] GC(29) Archive regions: 2->2
[2025-08-01T15:28:47.215+0530][info] GC(29) Humongous regions: 0->0
[2025-08-01T15:28:47.215+0530][info] GC(29) Metaspace: 795K(960K)->795K(960K) NonClass: 735K(832K)->735K(832K) Class: 59K(128K)->59K(128K)
[2025-08-01T15:28:47.215+0530][info] GC(29) Pause Young (Mixed) (G1 Evacuation Pause) 1369M->1377M(1808M) 11.775ms
[2025-08-01T15:28:47.215+0530][info] GC(29) User=0.02s Sys=0.04s Real=0.01s
[2025-08-01T15:28:47.737+0530][info] GC(30) Pause Young (Mixed) (G1 Evacuation Pause)
[2025-08-01T15:28:47.737+0530][info] GC(30) Using 9 workers of 9 for evacuation
[2025-08-01T15:28:47.746+0530][info] GC(30)   Pre Evacuate Collection Set: 0.0ms
[2025-08-01T15:28:47.746+0530][info] GC(30)   Merge Heap Roots: 0.0ms
[2025-08-01T15:28:47.746+0530][info] GC(30)   Evacuate Collection Set: 8.0ms
[2025-08-01T15:28:47.746+0530][info] GC(30)   Post Evacuate Collection Set: 0.5ms
[2025-08-01T15:28:47.746+0530][info] GC(30)   Other: 0.1ms
[2025-08-01T15:28:47.746+0530][info] GC(30) Eden regions: 19->0(19)
[2025-08-01T15:28:47.746+0530][info] GC(30) Survivor regions: 3->3(3)
[2025-08-01T15:28:47.746+0530][info] GC(30) Old regions: 341->360
[2025-08-01T15:28:47.746+0530][info] GC(30) Archive regions: 2->2
[2025-08-01T15:28:47.746+0530][info] GC(30) Humongous regions: 0->0
[2025-08-01T15:28:47.746+0530][info] GC(30) Metaspace: 795K(960K)->795K(960K) NonClass: 735K(832K)->735K(832K) Class: 59K(128K)->59K(128K)
[2025-08-01T15:28:47.746+0530][info] GC(30) Pause Young (Mixed) (G1 Evacuation Pause) 1452M->1454M(1808M) 8.978ms
[2025-08-01T15:28:47.746+0530][info] GC(30) User=0.02s Sys=0.02s Real=0.01s
[2025-08-01T15:28:48.376+0530][info] GC(31) Pause Young (Normal) (G1 Evacuation Pause)
[2025-08-01T15:28:48.376+0530][info] GC(31) Using 9 workers of 9 for evacuation
[2025-08-01T15:28:48.382+0530][info] GC(31)   Pre Evacuate Collection Set: 0.1ms
[2025-08-01T15:28:48.383+0530][info] GC(31)   Merge Heap Roots: 0.1ms
[2025-08-01T15:28:48.383+0530][info] GC(31)   Evacuate Collection Set: 6.1ms
[2025-08-01T15:28:48.383+0530][info] GC(31)   Post Evacuate Collection Set: 0.2ms
[2025-08-01T15:28:48.383+0530][info] GC(31)   Other: 0.4ms
[2025-08-01T15:28:48.383+0530][info] GC(31) Eden regions: 19->0(19)
[2025-08-01T15:28:48.383+0530][info] GC(31) Survivor regions: 3->3(3)
[2025-08-01T15:28:48.383+0530][info] GC(31) Old regions: 360->379
[2025-08-01T15:28:48.383+0530][info] GC(31) Archive regions: 2->2
[2025-08-01T15:28:48.383+0530][info] GC(31) Humongous regions: 0->0
[2025-08-01T15:28:48.383+0530][info] GC(31) Metaspace: 795K(960K)->795K(960K) NonClass: 735K(832K)->735K(832K) Class: 59K(128K)->59K(128K)
[2025-08-01T15:28:48.383+0530][info] GC(31) Pause Young (Normal) (G1 Evacuation Pause) 1529M->1529M(1808M) 7.594ms
[2025-08-01T15:28:48.383+0530][info] GC(31) User=0.02s Sys=0.01s Real=0.01s
[2025-08-01T15:28:49.013+0530][info] GC(32) Pause Young (Normal) (G1 Evacuation Pause)
[2025-08-01T15:28:49.013+0530][info] GC(32) Using 9 workers of 9 for evacuation
[2025-08-01T15:28:49.026+0530][info] GC(32)   Pre Evacuate Collection Set: 0.1ms
[2025-08-01T15:28:49.026+0530][info] GC(32)   Merge Heap Roots: 0.1ms
[2025-08-01T15:28:49.026+0530][info] GC(32)   Evacuate Collection Set: 12.4ms
[2025-08-01T15:28:49.026+0530][info] GC(32)   Post Evacuate Collection Set: 0.1ms
[2025-08-01T15:28:49.026+0530][info] GC(32)   Other: 0.3ms
[2025-08-01T15:28:49.026+0530][info] GC(32) Eden regions: 19->0(19)
[2025-08-01T15:28:49.026+0530][info] GC(32) Survivor regions: 3->3(3)
[2025-08-01T15:28:49.026+0530][info] GC(32) Old regions: 379->398
[2025-08-01T15:28:49.026+0530][info] GC(32) Archive regions: 2->2
[2025-08-01T15:28:49.026+0530][info] GC(32) Humongous regions: 0->0
[2025-08-01T15:28:49.026+0530][info] GC(32) Metaspace: 795K(960K)->795K(960K) NonClass: 735K(832K)->735K(832K) Class: 59K(128K)->59K(128K)
[2025-08-01T15:28:49.026+0530][info] GC(32) Pause Young (Normal) (G1 Evacuation Pause) 1604M->1604M(1808M) 13.410ms
[2025-08-01T15:28:49.026+0530][info] GC(32) User=0.03s Sys=0.03s Real=0.01s
[2025-08-01T15:28:49.544+0530][info] GC(33) Pause Young (Concurrent Start) (G1 Evacuation Pause)
[2025-08-01T15:28:49.544+0530][info] GC(33) Using 9 workers of 9 for evacuation
[2025-08-01T15:28:49.560+0530][info] GC(33)   Pre Evacuate Collection Set: 0.1ms
[2025-08-01T15:28:49.561+0530][info] GC(33)   Merge Heap Roots: 0.1ms
[2025-08-01T15:28:49.561+0530][info] GC(33)   Evacuate Collection Set: 15.0ms
[2025-08-01T15:28:49.561+0530][info] GC(33)   Post Evacuate Collection Set: 0.3ms
[2025-08-01T15:28:49.562+0530][info] GC(33)   Other: 0.3ms
[2025-08-01T15:28:49.562+0530][info] GC(33) Eden regions: 19->0(19)
[2025-08-01T15:28:49.562+0530][info] GC(33) Survivor regions: 3->3(3)
[2025-08-01T15:28:49.562+0530][info] GC(33) Old regions: 398->418
[2025-08-01T15:28:49.562+0530][info] GC(33) Archive regions: 2->2
[2025-08-01T15:28:49.562+0530][info] GC(33) Humongous regions: 0->0
[2025-08-01T15:28:49.562+0530][info] GC(33) Metaspace: 795K(960K)->795K(960K) NonClass: 736K(832K)->736K(832K) Class: 59K(128K)->59K(128K)
[2025-08-01T15:28:49.562+0530][info] GC(33) Pause Young (Concurrent Start) (G1 Evacuation Pause) 1679M->1686M(1808M) 18.603ms
[2025-08-01T15:28:49.563+0530][info] GC(33) User=0.01s Sys=0.04s Real=0.02s
[2025-08-01T15:28:49.563+0530][info] GC(34) Concurrent Mark Cycle
[2025-08-01T15:28:49.563+0530][info] GC(34) Concurrent Clear Claimed Marks
[2025-08-01T15:28:49.563+0530][info] GC(34) Concurrent Clear Claimed Marks 0.062ms
[2025-08-01T15:28:49.563+0530][info] GC(34) Concurrent Scan Root Regions
[2025-08-01T15:28:49.570+0530][info] GC(34) Concurrent Scan Root Regions 7.322ms
[2025-08-01T15:28:49.571+0530][info] GC(34) Concurrent Mark
[2025-08-01T15:28:49.571+0530][info] GC(34) Concurrent Mark From Roots
[2025-08-01T15:28:49.571+0530][info] GC(34) Using 2 workers of 2 for marking
[2025-08-01T15:28:49.579+0530][info] GC(34) Concurrent Mark From Roots 8.697ms
[2025-08-01T15:28:49.579+0530][info] GC(34) Concurrent Preclean
[2025-08-01T15:28:49.579+0530][info] GC(34) Concurrent Preclean 0.049ms
[2025-08-01T15:28:49.579+0530][info] GC(34) Pause Remark
[2025-08-01T15:28:49.581+0530][info] GC(34) Pause Remark 1691M->1691M(2836M) 1.785ms
[2025-08-01T15:28:49.581+0530][info] GC(34) User=0.00s Sys=0.01s Real=0.01s
[2025-08-01T15:28:49.581+0530][info] GC(34) Concurrent Mark 10.813ms
[2025-08-01T15:28:49.581+0530][info] GC(34) Concurrent Rebuild Remembered Sets
[2025-08-01T15:28:49.585+0530][info] GC(34) Concurrent Rebuild Remembered Sets 3.681ms
[2025-08-01T15:28:49.585+0530][info] GC(34) Pause Cleanup
[2025-08-01T15:28:49.585+0530][info] GC(34) Pause Cleanup 1691M->1691M(2836M) 0.251ms
[2025-08-01T15:28:49.585+0530][info] GC(34) User=0.00s Sys=0.00s Real=0.00s
[2025-08-01T15:28:49.586+0530][info] GC(34) Concurrent Cleanup for Next Mark
[2025-08-01T15:28:49.593+0530][info] GC(34) Concurrent Cleanup for Next Mark 7.299ms
[2025-08-01T15:28:49.593+0530][info] GC(34) Concurrent Mark Cycle 30.082ms
[2025-08-01T15:28:50.193+0530][info] GC(35) Pause Young (Prepare Mixed) (G1 Evacuation Pause)
[2025-08-01T15:28:50.193+0530][info] GC(35) Using 9 workers of 9 for evacuation
[2025-08-01T15:28:50.203+0530][info] GC(35)   Pre Evacuate Collection Set: 0.2ms
[2025-08-01T15:28:50.203+0530][info] GC(35)   Merge Heap Roots: 0.1ms
[2025-08-01T15:28:50.204+0530][info] GC(35)   Evacuate Collection Set: 9.5ms
[2025-08-01T15:28:50.204+0530][info] GC(35)   Post Evacuate Collection Set: 0.5ms
[2025-08-01T15:28:50.204+0530][info] GC(35)   Other: 0.2ms
[2025-08-01T15:28:50.204+0530][info] GC(35) Eden regions: 19->0(32)
[2025-08-01T15:28:50.205+0530][info] GC(35) Survivor regions: 3->3(3)
[2025-08-01T15:28:50.205+0530][info] GC(35) Old regions: 418->437
[2025-08-01T15:28:50.205+0530][info] GC(35) Archive regions: 2->2
[2025-08-01T15:28:50.206+0530][info] GC(35) Humongous regions: 0->0
[2025-08-01T15:28:50.207+0530][info] GC(35) Metaspace: 800K(960K)->800K(960K) NonClass: 740K(832K)->740K(832K) Class: 59K(128K)->59K(128K)
[2025-08-01T15:28:50.207+0530][info] GC(35) Pause Young (Prepare Mixed) (G1 Evacuation Pause) 1761M->1761M(2836M) 13.624ms
[2025-08-01T15:28:50.207+0530][info] GC(35) User=0.02s Sys=0.02s Real=0.01s
[2025-08-01T15:28:51.157+0530][info] GC(36) Pause Young (Mixed) (G1 Evacuation Pause)
[2025-08-01T15:28:51.157+0530][info] GC(36) Using 9 workers of 9 for evacuation
[2025-08-01T15:28:51.210+0530][info] GC(36)   Pre Evacuate Collection Set: 0.2ms
[2025-08-01T15:28:51.210+0530][info] GC(36)   Merge Heap Roots: 0.1ms
[2025-08-01T15:28:51.210+0530][info] GC(36)   Evacuate Collection Set: 51.7ms
[2025-08-01T15:28:51.210+0530][info] GC(36)   Post Evacuate Collection Set: 1.5ms
[2025-08-01T15:28:51.210+0530][info] GC(36)   Other: 0.2ms
[2025-08-01T15:28:51.211+0530][info] GC(36) Eden regions: 32->0(30)
[2025-08-01T15:28:51.211+0530][info] GC(36) Survivor regions: 3->5(5)
[2025-08-01T15:28:51.211+0530][info] GC(36) Old regions: 437->463
[2025-08-01T15:28:51.211+0530][info] GC(36) Archive regions: 2->2
[2025-08-01T15:28:51.211+0530][info] GC(36) Humongous regions: 0->0
[2025-08-01T15:28:51.211+0530][info] GC(36) Metaspace: 800K(960K)->800K(960K) NonClass: 740K(832K)->740K(832K) Class: 59K(128K)->59K(128K)
[2025-08-01T15:28:51.211+0530][info] GC(36) Pause Young (Mixed) (G1 Evacuation Pause) 1888M->1874M(2836M) 54.421ms
[2025-08-01T15:28:51.211+0530][info] GC(36) User=0.05s Sys=0.15s Real=0.06s
[2025-08-01T15:28:52.047+0530][info] GC(37) Pause Young (Mixed) (G1 Evacuation Pause)
[2025-08-01T15:28:52.047+0530][info] GC(37) Using 9 workers of 9 for evacuation
[2025-08-01T15:28:52.066+0530][info] GC(37)   Pre Evacuate Collection Set: 0.1ms
[2025-08-01T15:28:52.066+0530][info] GC(37)   Merge Heap Roots: 0.0ms
[2025-08-01T15:28:52.066+0530][info] GC(37)   Evacuate Collection Set: 18.7ms
[2025-08-01T15:28:52.066+0530][info] GC(37)   Post Evacuate Collection Set: 0.3ms
[2025-08-01T15:28:52.066+0530][info] GC(37)   Other: 0.1ms
[2025-08-01T15:28:52.066+0530][info] GC(37) Eden regions: 30->0(30)
[2025-08-01T15:28:52.066+0530][info] GC(37) Survivor regions: 5->5(5)
[2025-08-01T15:28:52.066+0530][info] GC(37) Old regions: 463->490
[2025-08-01T15:28:52.066+0530][info] GC(37) Archive regions: 2->2
[2025-08-01T15:28:52.066+0530][info] GC(37) Humongous regions: 0->0
[2025-08-01T15:28:52.066+0530][info] GC(37) Metaspace: 3600K(3776K)->3600K(3776K) NonClass: 3237K(3328K)->3237K(3328K) Class: 362K(448K)->362K(448K)
[2025-08-01T15:28:52.066+0530][info] GC(37) Pause Young (Mixed) (G1 Evacuation Pause) 1993M->1980M(2836M) 19.424ms
[2025-08-01T15:28:52.066+0530][info] GC(37) User=0.03s Sys=0.05s Real=0.02s
[2025-08-01T15:28:52.907+0530][info] GC(38) Pause Young (Mixed) (G1 Evacuation Pause)
[2025-08-01T15:28:52.907+0530][info] GC(38) Using 9 workers of 9 for evacuation
[2025-08-01T15:28:52.958+0530][info] GC(38)   Pre Evacuate Collection Set: 0.2ms
[2025-08-01T15:28:52.958+0530][info] GC(38)   Merge Heap Roots: 0.1ms
[2025-08-01T15:28:52.958+0530][info] GC(38)   Evacuate Collection Set: 51.0ms
[2025-08-01T15:28:52.958+0530][info] GC(38)   Post Evacuate Collection Set: 0.4ms
[2025-08-01T15:28:52.958+0530][info] GC(38)   Other: 0.2ms
[2025-08-01T15:28:52.958+0530][info] GC(38) Eden regions: 30->0(30)
[2025-08-01T15:28:52.958+0530][info] GC(38) Survivor regions: 5->5(5)
[2025-08-01T15:28:52.958+0530][info] GC(38) Old regions: 490->518
[2025-08-01T15:28:52.958+0530][info] GC(38) Archive regions: 2->2
[2025-08-01T15:28:52.958+0530][info] GC(38) Humongous regions: 0->0
[2025-08-01T15:28:52.958+0530][info] GC(38) Metaspace: 7494K(7808K)->7494K(7808K) NonClass: 6647K(6784K)->6647K(6784K) Class: 847K(1024K)->847K(1024K)
[2025-08-01T15:28:52.958+0530][info] GC(38) Pause Young (Mixed) (G1 Evacuation Pause) 2099M->2092M(2836M) 51.905ms
[2025-08-01T15:28:52.958+0530][info] GC(38) User=0.06s Sys=0.13s Real=0.05s
[2025-08-01T15:28:53.896+0530][info] GC(39) Pause Young (Mixed) (G1 Evacuation Pause)
[2025-08-01T15:28:53.896+0530][info] GC(39) Using 9 workers of 9 for evacuation
[2025-08-01T15:28:53.934+0530][info] GC(39)   Pre Evacuate Collection Set: 0.1ms
[2025-08-01T15:28:53.934+0530][info] GC(39)   Merge Heap Roots: 0.1ms
[2025-08-01T15:28:53.934+0530][info] GC(39)   Evacuate Collection Set: 37.8ms
[2025-08-01T15:28:53.934+0530][info] GC(39)   Post Evacuate Collection Set: 0.3ms
[2025-08-01T15:28:53.934+0530][info] GC(39)   Other: 0.1ms
[2025-08-01T15:28:53.934+0530][info] GC(39) Eden regions: 30->0(31)
[2025-08-01T15:28:53.934+0530][info] GC(39) Survivor regions: 5->5(5)
[2025-08-01T15:28:53.934+0530][info] GC(39) Old regions: 518->547
[2025-08-01T15:28:53.934+0530][info] GC(39) Archive regions: 2->2
[2025-08-01T15:28:53.934+0530][info] GC(39) Humongous regions: 0->0
[2025-08-01T15:28:53.934+0530][info] GC(39) Metaspace: 7616K(7936K)->7616K(7936K) NonClass: 6756K(6912K)->6756K(6912K) Class: 860K(1024K)->860K(1024K)
[2025-08-01T15:28:53.934+0530][info] GC(39) Pause Young (Mixed) (G1 Evacuation Pause) 2211M->2208M(2836M) 38.526ms
[2025-08-01T15:28:53.934+0530][info] GC(39) User=0.02s Sys=0.12s Real=0.04s
[2025-08-01T15:28:54.874+0530][info] GC(40) Pause Young (Normal) (G1 Evacuation Pause)
[2025-08-01T15:28:54.874+0530][info] GC(40) Using 9 workers of 9 for evacuation
[2025-08-01T15:28:54.889+0530][info] GC(40)   Pre Evacuate Collection Set: 0.2ms
[2025-08-01T15:28:54.889+0530][info] GC(40)   Merge Heap Roots: 0.1ms
[2025-08-01T15:28:54.889+0530][info] GC(40)   Evacuate Collection Set: 13.9ms
[2025-08-01T15:28:54.889+0530][info] GC(40)   Post Evacuate Collection Set: 0.2ms
[2025-08-01T15:28:54.889+0530][info] GC(40)   Other: 0.2ms
[2025-08-01T15:28:54.889+0530][info] GC(40) Eden regions: 31->0(30)
[2025-08-01T15:28:54.889+0530][info] GC(40) Survivor regions: 5->5(5)
[2025-08-01T15:28:54.889+0530][info] GC(40) Old regions: 547->577
[2025-08-01T15:28:54.889+0530][info] GC(40) Archive regions: 2->2
[2025-08-01T15:28:54.889+0530][info] GC(40) Humongous regions: 0->0
[2025-08-01T15:28:54.889+0530][info] GC(40) Metaspace: 7649K(7936K)->7649K(7936K) NonClass: 6784K(6912K)->6784K(6912K) Class: 864K(1024K)->864K(1024K)
[2025-08-01T15:28:54.889+0530][info] GC(40) Pause Young (Normal) (G1 Evacuation Pause) 2331M->2330M(2836M) 14.817ms
[2025-08-01T15:28:54.889+0530][info] GC(40) User=0.03s Sys=0.05s Real=0.01s
[2025-08-01T15:28:55.823+0530][info] GC(41) Pause Young (Normal) (G1 Evacuation Pause)
[2025-08-01T15:28:55.823+0530][info] GC(41) Using 9 workers of 9 for evacuation
[2025-08-01T15:28:55.839+0530][info] GC(41)   Pre Evacuate Collection Set: 0.2ms
[2025-08-01T15:28:55.839+0530][info] GC(41)   Merge Heap Roots: 0.1ms
[2025-08-01T15:28:55.840+0530][info] GC(41)   Evacuate Collection Set: 15.6ms
[2025-08-01T15:28:55.840+0530][info] GC(41)   Post Evacuate Collection Set: 0.2ms
[2025-08-01T15:28:55.840+0530][info] GC(41)   Other: 0.3ms
[2025-08-01T15:28:55.840+0530][info] GC(41) Eden regions: 30->0(30)
[2025-08-01T15:28:55.840+0530][info] GC(41) Survivor regions: 5->5(5)
[2025-08-01T15:28:55.840+0530][info] GC(41) Old regions: 577->607
[2025-08-01T15:28:55.840+0530][info] GC(41) Archive regions: 2->2
[2025-08-01T15:28:55.840+0530][info] GC(41) Humongous regions: 0->0
[2025-08-01T15:28:55.840+0530][info] GC(41) Metaspace: 7689K(7936K)->7689K(7936K) NonClass: 6825K(6912K)->6825K(6912K) Class: 864K(1024K)->864K(1024K)
[2025-08-01T15:28:55.840+0530][info] GC(41) Pause Young (Normal) (G1 Evacuation Pause) 2449M->2449M(2836M) 16.677ms
[2025-08-01T15:28:55.840+0530][info] GC(41) User=0.03s Sys=0.04s Real=0.02s
[2025-08-01T15:28:56.781+0530][info] GC(42) Pause Young (Normal) (G1 Evacuation Pause)
[2025-08-01T15:28:56.781+0530][info] GC(42) Using 9 workers of 9 for evacuation
[2025-08-01T15:28:56.795+0530][info] GC(42)   Pre Evacuate Collection Set: 0.1ms
[2025-08-01T15:28:56.795+0530][info] GC(42)   Merge Heap Roots: 0.0ms
[2025-08-01T15:28:56.795+0530][info] GC(42)   Evacuate Collection Set: 13.4ms
[2025-08-01T15:28:56.795+0530][info] GC(42)   Post Evacuate Collection Set: 0.2ms
[2025-08-01T15:28:56.795+0530][info] GC(42)   Other: 0.1ms
[2025-08-01T15:28:56.795+0530][info] GC(42) Eden regions: 30->0(30)
[2025-08-01T15:28:56.795+0530][info] GC(42) Survivor regions: 5->5(5)
[2025-08-01T15:28:56.795+0530][info] GC(42) Old regions: 607->637
[2025-08-01T15:28:56.795+0530][info] GC(42) Archive regions: 2->2
[2025-08-01T15:28:56.795+0530][info] GC(42) Humongous regions: 0->0
[2025-08-01T15:28:56.795+0530][info] GC(42) Metaspace: 7704K(8000K)->7704K(8000K) NonClass: 6838K(6976K)->6838K(6976K) Class: 866K(1024K)->866K(1024K)
[2025-08-01T15:28:56.795+0530][info] GC(42) Pause Young (Normal) (G1 Evacuation Pause) 2568M->2568M(2836M) 13.840ms
[2025-08-01T15:28:56.795+0530][info] GC(42) User=0.02s Sys=0.06s Real=0.01s
[2025-08-01T15:28:57.738+0530][info] GC(43) Pause Young (Concurrent Start) (G1 Evacuation Pause)
[2025-08-01T15:28:57.738+0530][info] GC(43) Using 9 workers of 9 for evacuation
[2025-08-01T15:28:57.752+0530][info] GC(43)   Pre Evacuate Collection Set: 0.1ms
[2025-08-01T15:28:57.752+0530][info] GC(43)   Merge Heap Roots: 0.1ms
[2025-08-01T15:28:57.752+0530][info] GC(43)   Evacuate Collection Set: 13.0ms
[2025-08-01T15:28:57.752+0530][info] GC(43)   Post Evacuate Collection Set: 0.2ms
[2025-08-01T15:28:57.752+0530][info] GC(43)   Other: 0.2ms
[2025-08-01T15:28:57.752+0530][info] GC(43) Eden regions: 30->0(30)
[2025-08-01T15:28:57.752+0530][info] GC(43) Survivor regions: 5->5(5)
[2025-08-01T15:28:57.752+0530][info] GC(43) Old regions: 637->666
[2025-08-01T15:28:57.752+0530][info] GC(43) Archive regions: 2->2
[2025-08-01T15:28:57.752+0530][info] GC(43) Humongous regions: 0->0
[2025-08-01T15:28:57.752+0530][info] GC(43) Metaspace: 7709K(8000K)->7709K(8000K) NonClass: 6843K(6976K)->6843K(6976K) Class: 866K(1024K)->866K(1024K)
[2025-08-01T15:28:57.752+0530][info] GC(43) Pause Young (Concurrent Start) (G1 Evacuation Pause) 2687M->2686M(2836M) 13.985ms
[2025-08-01T15:28:57.752+0530][info] GC(43) User=0.01s Sys=0.06s Real=0.02s
[2025-08-01T15:28:57.752+0530][info] GC(44) Concurrent Mark Cycle
[2025-08-01T15:28:57.752+0530][info] GC(44) Concurrent Clear Claimed Marks
[2025-08-01T15:28:57.752+0530][info] GC(44) Concurrent Clear Claimed Marks 0.014ms
[2025-08-01T15:28:57.752+0530][info] GC(44) Concurrent Scan Root Regions
[2025-08-01T15:28:57.761+0530][info] GC(44) Concurrent Scan Root Regions 8.679ms
[2025-08-01T15:28:57.761+0530][info] GC(44) Concurrent Mark
[2025-08-01T15:28:57.761+0530][info] GC(44) Concurrent Mark From Roots
[2025-08-01T15:28:57.761+0530][info] GC(44) Using 2 workers of 2 for marking
[2025-08-01T15:28:57.765+0530][info] GC(44) Concurrent Mark From Roots 3.655ms
[2025-08-01T15:28:57.765+0530][info] GC(44) Concurrent Preclean
[2025-08-01T15:28:57.765+0530][info] GC(44) Concurrent Preclean 0.032ms
[2025-08-01T15:28:57.765+0530][info] GC(44) Pause Remark
[2025-08-01T15:28:57.767+0530][info] GC(44) Pause Remark 2692M->2692M(4500M) 2.309ms
[2025-08-01T15:28:57.767+0530][info] GC(44) User=0.00s Sys=0.00s Real=0.00s
[2025-08-01T15:28:57.767+0530][info] GC(44) Concurrent Mark 6.159ms
[2025-08-01T15:28:57.767+0530][info] GC(44) Concurrent Rebuild Remembered Sets
[2025-08-01T15:28:57.773+0530][info] GC(44) Concurrent Rebuild Remembered Sets 5.587ms
[2025-08-01T15:28:57.773+0530][info] GC(44) Pause Cleanup
[2025-08-01T15:28:57.773+0530][info] GC(44) Pause Cleanup 2692M->2692M(4500M) 0.234ms
[2025-08-01T15:28:57.773+0530][info] GC(44) User=0.00s Sys=0.00s Real=0.00s
[2025-08-01T15:28:57.773+0530][info] GC(44) Concurrent Cleanup for Next Mark
[2025-08-01T15:28:57.780+0530][info] GC(44) Concurrent Cleanup for Next Mark 6.955ms
[2025-08-01T15:28:57.780+0530][info] GC(44) Concurrent Mark Cycle 27.883ms
[2025-08-01T15:28:59.328+0530][info] GC(45) Pause Young (Prepare Mixed) (G1 Evacuation Pause)
[2025-08-01T15:28:59.328+0530][info] GC(45) Using 9 workers of 9 for evacuation
[2025-08-01T15:28:59.338+0530][info] GC(45)   Pre Evacuate Collection Set: 0.1ms
[2025-08-01T15:28:59.338+0530][info] GC(45)   Merge Heap Roots: 0.0ms
[2025-08-01T15:28:59.338+0530][info] GC(45)   Evacuate Collection Set: 9.1ms
[2025-08-01T15:28:59.338+0530][info] GC(45)   Post Evacuate Collection Set: 0.3ms
[2025-08-01T15:28:59.338+0530][info] GC(45)   Other: 0.1ms
[2025-08-01T15:28:59.338+0530][info] GC(45) Eden regions: 51->0(49)
[2025-08-01T15:28:59.338+0530][info] GC(45) Survivor regions: 5->7(7)
[2025-08-01T15:28:59.338+0530][info] GC(45) Old regions: 666->715
[2025-08-01T15:28:59.338+0530][info] GC(45) Archive regions: 2->2
[2025-08-01T15:28:59.338+0530][info] GC(45) Humongous regions: 0->0
[2025-08-01T15:28:59.338+0530][info] GC(45) Metaspace: 7734K(8000K)->7734K(8000K) NonClass: 6866K(6976K)->6866K(6976K) Class: 867K(1024K)->867K(1024K)
[2025-08-01T15:28:59.338+0530][info] GC(45) Pause Young (Prepare Mixed) (G1 Evacuation Pause) 2889M->2889M(4500M) 9.765ms
[2025-08-01T15:28:59.338+0530][info] GC(45) User=0.02s Sys=0.03s Real=0.01s
[2025-08-01T15:29:00.900+0530][info] GC(46) Pause Young (Mixed) (G1 Evacuation Pause)
[2025-08-01T15:29:00.900+0530][info] GC(46) Using 9 workers of 9 for evacuation
[2025-08-01T15:29:01.053+0530][info] GC(46)   Pre Evacuate Collection Set: 0.3ms
[2025-08-01T15:29:01.053+0530][info] GC(46)   Merge Heap Roots: 0.1ms
[2025-08-01T15:29:01.053+0530][info] GC(46)   Evacuate Collection Set: 151.6ms
[2025-08-01T15:29:01.053+0530][info] GC(46)   Post Evacuate Collection Set: 0.5ms
[2025-08-01T15:29:01.053+0530][info] GC(46)   Other: 0.2ms
[2025-08-01T15:29:01.053+0530][info] GC(46) Eden regions: 49->0(49)
[2025-08-01T15:29:01.053+0530][info] GC(46) Survivor regions: 7->7(7)
[2025-08-01T15:29:01.053+0530][info] GC(46) Old regions: 715->762
[2025-08-01T15:29:01.053+0530][info] GC(46) Archive regions: 2->2
[2025-08-01T15:29:01.053+0530][info] GC(46) Humongous regions: 0->0
[2025-08-01T15:29:01.053+0530][info] GC(46) Metaspace: 7754K(8000K)->7754K(8000K) NonClass: 6887K(6976K)->6887K(6976K) Class: 867K(1024K)->867K(1024K)
[2025-08-01T15:29:01.053+0530][info] GC(46) Pause Young (Mixed) (G1 Evacuation Pause) 3084M->3076M(4500M) 152.736ms
[2025-08-01T15:29:01.053+0530][info] GC(46) User=0.06s Sys=0.26s Real=0.15s
[2025-08-01T15:29:02.614+0530][info] GC(47) Pause Young (Mixed) (G1 Evacuation Pause)
[2025-08-01T15:29:02.614+0530][info] GC(47) Using 9 workers of 9 for evacuation
[2025-08-01T15:29:02.676+0530][info] GC(47)   Pre Evacuate Collection Set: 0.4ms
[2025-08-01T15:29:02.677+0530][info] GC(47)   Merge Heap Roots: 0.1ms
[2025-08-01T15:29:02.678+0530][info] GC(47)   Evacuate Collection Set: 61.6ms
[2025-08-01T15:29:02.678+0530][info] GC(47)   Post Evacuate Collection Set: 0.3ms
[2025-08-01T15:29:02.678+0530][info] GC(47)   Other: 0.3ms
[2025-08-01T15:29:02.678+0530][info] GC(47) Eden regions: 49->0(49)
[2025-08-01T15:29:02.678+0530][info] GC(47) Survivor regions: 7->7(7)
[2025-08-01T15:29:02.678+0530][info] GC(47) Old regions: 762->810
[2025-08-01T15:29:02.678+0530][info] GC(47) Archive regions: 2->2
[2025-08-01T15:29:02.678+0530][info] GC(47) Humongous regions: 0->0
[2025-08-01T15:29:02.678+0530][info] GC(47) Metaspace: 7766K(8000K)->7766K(8000K) NonClass: 6899K(6976K)->6899K(6976K) Class: 867K(1024K)->867K(1024K)
[2025-08-01T15:29:02.678+0530][info] GC(47) Pause Young (Mixed) (G1 Evacuation Pause) 3271M->3270M(4500M) 64.700ms
[2025-08-01T15:29:02.678+0530][info] GC(47) User=0.08s Sys=0.21s Real=0.06s
[2025-08-01T15:29:04.127+0530][info] GC(48) Pause Young (Mixed) (G1 Evacuation Pause)
[2025-08-01T15:29:04.127+0530][info] GC(48) Using 9 workers of 9 for evacuation
[2025-08-01T15:29:04.226+0530][info] GC(48)   Pre Evacuate Collection Set: 0.5ms
[2025-08-01T15:29:04.226+0530][info] GC(48)   Merge Heap Roots: 0.2ms
[2025-08-01T15:29:04.226+0530][info] GC(48)   Evacuate Collection Set: 97.7ms
[2025-08-01T15:29:04.226+0530][info] GC(48)   Post Evacuate Collection Set: 0.7ms
[2025-08-01T15:29:04.227+0530][info] GC(48)   Other: 0.3ms
[2025-08-01T15:29:04.227+0530][info] GC(48) Eden regions: 49->0(49)
[2025-08-01T15:29:04.227+0530][info] GC(48) Survivor regions: 7->7(7)
[2025-08-01T15:29:04.227+0530][info] GC(48) Old regions: 810->859
[2025-08-01T15:29:04.227+0530][info] GC(48) Archive regions: 2->2
[2025-08-01T15:29:04.227+0530][info] GC(48) Humongous regions: 0->0
[2025-08-01T15:29:04.227+0530][info] GC(48) Metaspace: 7815K(8128K)->7815K(8128K) NonClass: 6947K(7104K)->6947K(7104K) Class: 867K(1024K)->867K(1024K)
[2025-08-01T15:29:04.227+0530][info] GC(48) Pause Young (Mixed) (G1 Evacuation Pause) 3465M->3465M(4500M) 99.789ms
[2025-08-01T15:29:04.227+0530][info] GC(48) User=0.09s Sys=0.28s Real=0.10s
[2025-08-01T15:29:05.796+0530][info] GC(49) Pause Young (Mixed) (G1 Evacuation Pause)
[2025-08-01T15:29:05.796+0530][info] GC(49) Using 9 workers of 9 for evacuation
[2025-08-01T15:29:05.835+0530][info] GC(49)   Pre Evacuate Collection Set: 0.5ms
[2025-08-01T15:29:05.835+0530][info] GC(49)   Merge Heap Roots: 0.2ms
[2025-08-01T15:29:05.835+0530][info] GC(49)   Evacuate Collection Set: 36.7ms
[2025-08-01T15:29:05.836+0530][info] GC(49)   Post Evacuate Collection Set: 1.3ms
[2025-08-01T15:29:05.836+0530][info] GC(49)   Other: 0.4ms
[2025-08-01T15:29:05.836+0530][info] GC(49) Eden regions: 49->0(49)
[2025-08-01T15:29:05.836+0530][info] GC(49) Survivor regions: 7->7(7)
[2025-08-01T15:29:05.836+0530][info] GC(49) Old regions: 859->908
[2025-08-01T15:29:05.836+0530][info] GC(49) Archive regions: 2->2
[2025-08-01T15:29:05.836+0530][info] GC(49) Humongous regions: 0->0
[2025-08-01T15:29:05.836+0530][info] GC(49) Metaspace: 7838K(8128K)->7838K(8128K) NonClass: 6970K(7104K)->6970K(7104K) Class: 868K(1024K)->868K(1024K)
[2025-08-01T15:29:05.836+0530][info] GC(49) Pause Young (Mixed) (G1 Evacuation Pause) 3660M->3660M(4500M) 39.867ms
[2025-08-01T15:29:05.836+0530][info] GC(49) User=0.07s Sys=0.11s Real=0.04s
[2025-08-01T15:29:07.284+0530][info] GC(50) Pause Young (Normal) (G1 Evacuation Pause)
[2025-08-01T15:29:07.284+0530][info] GC(50) Using 9 workers of 9 for evacuation
[2025-08-01T15:29:07.289+0530][info] GC(50)   Pre Evacuate Collection Set: 0.1ms
[2025-08-01T15:29:07.289+0530][info] GC(50)   Merge Heap Roots: 0.1ms
[2025-08-01T15:29:07.289+0530][info] GC(50)   Evacuate Collection Set: 4.2ms
[2025-08-01T15:29:07.289+0530][info] GC(50)   Post Evacuate Collection Set: 0.2ms
[2025-08-01T15:29:07.289+0530][info] GC(50)   Other: 0.1ms
[2025-08-01T15:29:07.289+0530][info] GC(50) Eden regions: 49->0(49)
[2025-08-01T15:29:07.289+0530][info] GC(50) Survivor regions: 7->7(7)
[2025-08-01T15:29:07.289+0530][info] GC(50) Old regions: 908->956
[2025-08-01T15:29:07.289+0530][info] GC(50) Archive regions: 2->2
[2025-08-01T15:29:07.289+0530][info] GC(50) Humongous regions: 0->0
[2025-08-01T15:29:07.289+0530][info] GC(50) Metaspace: 7866K(8192K)->7866K(8192K) NonClass: 6995K(7168K)->6995K(7168K) Class: 871K(1024K)->871K(1024K)
[2025-08-01T15:29:07.289+0530][info] GC(50) Pause Young (Normal) (G1 Evacuation Pause) 3855M->3854M(4500M) 4.933ms
[2025-08-01T15:29:07.289+0530][info] GC(50) User=0.03s Sys=0.00s Real=0.00s
[2025-08-01T15:29:08.832+0530][info] GC(51) Pause Young (Concurrent Start) (G1 Evacuation Pause)
[2025-08-01T15:29:08.832+0530][info] GC(51) Using 9 workers of 9 for evacuation
[2025-08-01T15:29:08.853+0530][info] GC(51)   Pre Evacuate Collection Set: 0.3ms
[2025-08-01T15:29:08.853+0530][info] GC(51)   Merge Heap Roots: 0.1ms
[2025-08-01T15:29:08.853+0530][info] GC(51)   Evacuate Collection Set: 19.9ms
[2025-08-01T15:29:08.853+0530][info] GC(51)   Post Evacuate Collection Set: 0.2ms
[2025-08-01T15:29:08.853+0530][info] GC(51)   Other: 0.8ms
[2025-08-01T15:29:08.853+0530][info] GC(51) Eden regions: 49->0(49)
[2025-08-01T15:29:08.853+0530][info] GC(51) Survivor regions: 7->7(7)
[2025-08-01T15:29:08.853+0530][info] GC(51) Old regions: 956->1005
[2025-08-01T15:29:08.853+0530][info] GC(51) Archive regions: 2->2
[2025-08-01T15:29:08.853+0530][info] GC(51) Humongous regions: 0->0
[2025-08-01T15:29:08.853+0530][info] GC(51) Metaspace: 7884K(8192K)->7884K(8192K) NonClass: 7011K(7168K)->7011K(7168K) Class: 872K(1024K)->872K(1024K)
[2025-08-01T15:29:08.853+0530][info] GC(51) Pause Young (Concurrent Start) (G1 Evacuation Pause) 4049M->4049M(4500M) 21.373ms
[2025-08-01T15:29:08.854+0530][info] GC(51) User=0.04s Sys=0.07s Real=0.02s
[2025-08-01T15:29:08.854+0530][info] GC(52) Concurrent Mark Cycle
[2025-08-01T15:29:08.854+0530][info] GC(52) Concurrent Clear Claimed Marks
[2025-08-01T15:29:08.854+0530][info] GC(52) Concurrent Clear Claimed Marks 0.018ms
[2025-08-01T15:29:08.854+0530][info] GC(52) Concurrent Scan Root Regions
[2025-08-01T15:29:08.871+0530][info] GC(52) Concurrent Scan Root Regions 17.744ms
[2025-08-01T15:29:08.871+0530][info] GC(52) Concurrent Mark
[2025-08-01T15:29:08.871+0530][info] GC(52) Concurrent Mark From Roots
[2025-08-01T15:29:08.871+0530][info] GC(52) Using 2 workers of 2 for marking
[2025-08-01T15:29:08.878+0530][info] GC(52) Concurrent Mark From Roots 6.259ms
[2025-08-01T15:29:08.878+0530][info] GC(52) Concurrent Preclean
[2025-08-01T15:29:08.878+0530][info] GC(52) Concurrent Preclean 0.034ms
[2025-08-01T15:29:08.878+0530][info] GC(52) Pause Remark
[2025-08-01T15:29:08.879+0530][info] GC(52) Pause Remark 4057M->4057M(4608M) 1.123ms
[2025-08-01T15:29:08.879+0530][info] GC(52) User=0.01s Sys=0.00s Real=0.00s
[2025-08-01T15:29:08.879+0530][info] GC(52) Concurrent Mark 7.580ms
[2025-08-01T15:29:08.879+0530][info] GC(52) Concurrent Rebuild Remembered Sets
[2025-08-01T15:29:08.885+0530][info] GC(52) Concurrent Rebuild Remembered Sets 5.654ms
[2025-08-01T15:29:08.885+0530][info] GC(52) Pause Cleanup
[2025-08-01T15:29:08.885+0530][info] GC(52) Pause Cleanup 4057M->4057M(4608M) 0.270ms
[2025-08-01T15:29:08.885+0530][info] GC(52) User=0.00s Sys=0.00s Real=0.00s
[2025-08-01T15:29:08.885+0530][info] GC(52) Concurrent Cleanup for Next Mark
[2025-08-01T15:29:08.888+0530][info] GC(52) Concurrent Cleanup for Next Mark 3.359ms
[2025-08-01T15:29:08.888+0530][info] GC(52) Concurrent Mark Cycle 34.791ms
[2025-08-01T15:29:10.415+0530][info] GC(53) Pause Young (Prepare Mixed) (G1 Evacuation Pause)
[2025-08-01T15:29:10.415+0530][info] GC(53) Using 9 workers of 9 for evacuation
[2025-08-01T15:29:10.437+0530][info] GC(53)   Pre Evacuate Collection Set: 0.2ms
[2025-08-01T15:29:10.437+0530][info] GC(53)   Merge Heap Roots: 0.1ms
[2025-08-01T15:29:10.437+0530][info] GC(53)   Evacuate Collection Set: 21.7ms
[2025-08-01T15:29:10.437+0530][info] GC(53)   Post Evacuate Collection Set: 0.2ms
[2025-08-01T15:29:10.437+0530][info] GC(53)   Other: 0.1ms
[2025-08-01T15:29:10.437+0530][info] GC(53) Eden regions: 50->0(49)
[2025-08-01T15:29:10.437+0530][info] GC(53) Survivor regions: 7->8(8)
[2025-08-01T15:29:10.437+0530][info] GC(53) Old regions: 1005->1054
[2025-08-01T15:29:10.437+0530][info] GC(53) Archive regions: 2->2
[2025-08-01T15:29:10.437+0530][info] GC(53) Humongous regions: 0->0
[2025-08-01T15:29:10.437+0530][info] GC(53) Metaspace: 7896K(8192K)->7896K(8192K) NonClass: 7023K(7168K)->7023K(7168K) Class: 872K(1024K)->872K(1024K)
[2025-08-01T15:29:10.437+0530][info] GC(53) Pause Young (Prepare Mixed) (G1 Evacuation Pause) 4248M->4248M(4608M) 22.418ms
[2025-08-01T15:29:10.437+0530][info] GC(53) User=0.02s Sys=0.10s Real=0.02s
[2025-08-01T15:29:10.539+0530][info] GC(54) Pause Young (Mixed) (G1 Preventive Collection)
[2025-08-01T15:29:10.539+0530][info] GC(54) Using 9 workers of 9 for evacuation
[2025-08-01T15:29:10.568+0530][info] GC(54) To-space exhausted
[2025-08-01T15:29:10.568+0530][info] GC(54)   Pre Evacuate Collection Set: 0.1ms
[2025-08-01T15:29:10.568+0530][info] GC(54)   Merge Heap Roots: 0.1ms
[2025-08-01T15:29:10.568+0530][info] GC(54)   Evacuate Collection Set: 28.1ms
[2025-08-01T15:29:10.568+0530][info] GC(54)   Post Evacuate Collection Set: 0.5ms
[2025-08-01T15:29:10.568+0530][info] GC(54)   Other: 0.2ms
[2025-08-01T15:29:10.568+0530][info] GC(54) Eden regions: 3->0(57)
[2025-08-01T15:29:10.568+0530][info] GC(54) Survivor regions: 8->0(8)
[2025-08-01T15:29:10.568+0530][info] GC(54) Old regions: 1054->1066
[2025-08-01T15:29:10.568+0530][info] GC(54) Archive regions: 2->2
[2025-08-01T15:29:10.568+0530][info] GC(54) Humongous regions: 0->0
[2025-08-01T15:29:10.568+0530][info] GC(54) Metaspace: 7896K(8192K)->7896K(8192K) NonClass: 7023K(7168K)->7023K(7168K) Class: 872K(1024K)->872K(1024K)
[2025-08-01T15:29:10.568+0530][info] GC(54) Pause Young (Mixed) (G1 Preventive Collection) 4258M->4265M(4608M) 28.973ms
[2025-08-01T15:29:10.568+0530][info] GC(54) User=0.05s Sys=0.07s Real=0.03s
[2025-08-01T15:29:10.669+0530][info] GC(55) Pause Young (Mixed) (G1 Preventive Collection)
[2025-08-01T15:29:10.669+0530][info] GC(55) Using 9 workers of 9 for evacuation
[2025-08-01T15:29:10.707+0530][info] GC(55) To-space exhausted
[2025-08-01T15:29:10.708+0530][info] GC(55)   Pre Evacuate Collection Set: 0.2ms
[2025-08-01T15:29:10.708+0530][info] GC(55)   Merge Heap Roots: 0.0ms
[2025-08-01T15:29:10.708+0530][info] GC(55)   Evacuate Collection Set: 37.1ms
[2025-08-01T15:29:10.708+0530][info] GC(55)   Post Evacuate Collection Set: 0.7ms
[2025-08-01T15:29:10.708+0530][info] GC(55)   Other: 0.2ms
[2025-08-01T15:29:10.708+0530][info] GC(55) Eden regions: 5->0(57)
[2025-08-01T15:29:10.708+0530][info] GC(55) Survivor regions: 0->0(8)
[2025-08-01T15:29:10.708+0530][info] GC(55) Old regions: 1066->1072
[2025-08-01T15:29:10.708+0530][info] GC(55) Archive regions: 2->2
[2025-08-01T15:29:10.708+0530][info] GC(55) Humongous regions: 0->0
[2025-08-01T15:29:10.708+0530][info] GC(55) Metaspace: 7896K(8192K)->7896K(8192K) NonClass: 7023K(7168K)->7023K(7168K) Class: 872K(1024K)->872K(1024K)
[2025-08-01T15:29:10.708+0530][info] GC(55) Pause Young (Mixed) (G1 Preventive Collection) 4283M->4287M(4608M) 38.245ms
[2025-08-01T15:29:10.708+0530][info] GC(55) User=0.04s Sys=0.09s Real=0.04s
[2025-08-01T15:29:10.708+0530][info] GC(56) Pause Young (Mixed) (G1 Preventive Collection)
[2025-08-01T15:29:10.708+0530][info] GC(56) Using 9 workers of 9 for evacuation
[2025-08-01T15:29:10.722+0530][info] GC(56) To-space exhausted
[2025-08-01T15:29:10.722+0530][info] GC(56)   Pre Evacuate Collection Set: 0.1ms
[2025-08-01T15:29:10.722+0530][info] GC(56)   Merge Heap Roots: 0.0ms
[2025-08-01T15:29:10.722+0530][info] GC(56)   Evacuate Collection Set: 13.6ms
[2025-08-01T15:29:10.722+0530][info] GC(56)   Post Evacuate Collection Set: 0.3ms
[2025-08-01T15:29:10.722+0530][info] GC(56)   Other: 0.1ms
[2025-08-01T15:29:10.722+0530][info] GC(56) Eden regions: 1->0(57)
[2025-08-01T15:29:10.722+0530][info] GC(56) Survivor regions: 0->0(8)
[2025-08-01T15:29:10.722+0530][info] GC(56) Old regions: 1072->1074
[2025-08-01T15:29:10.722+0530][info] GC(56) Archive regions: 2->2
[2025-08-01T15:29:10.722+0530][info] GC(56) Humongous regions: 0->0
[2025-08-01T15:29:10.722+0530][info] GC(56) Metaspace: 7896K(8192K)->7896K(8192K) NonClass: 7023K(7168K)->7023K(7168K) Class: 872K(1024K)->872K(1024K)
[2025-08-01T15:29:10.722+0530][info] GC(56) Pause Young (Mixed) (G1 Preventive Collection) 4290M->4294M(4608M) 14.190ms
[2025-08-01T15:29:10.722+0530][info] GC(56) User=0.04s Sys=0.06s Real=0.02s
[2025-08-01T15:29:10.723+0530][info] GC(57) Pause Young (Mixed) (G1 Preventive Collection)
[2025-08-01T15:29:10.723+0530][info] GC(57) Using 9 workers of 9 for evacuation
[2025-08-01T15:29:10.744+0530][info] GC(57) To-space exhausted
[2025-08-01T15:29:10.744+0530][info] GC(57)   Pre Evacuate Collection Set: 0.1ms
[2025-08-01T15:29:10.744+0530][info] GC(57)   Merge Heap Roots: 0.0ms
[2025-08-01T15:29:10.744+0530][info] GC(57)   Evacuate Collection Set: 20.2ms
[2025-08-01T15:29:10.744+0530][info] GC(57)   Post Evacuate Collection Set: 0.9ms
[2025-08-01T15:29:10.744+0530][info] GC(57)   Other: 0.1ms
[2025-08-01T15:29:10.744+0530][info] GC(57) Eden regions: 1->0(57)
[2025-08-01T15:29:10.744+0530][info] GC(57) Survivor regions: 0->0(8)
[2025-08-01T15:29:10.744+0530][info] GC(57) Old regions: 1074->1077
[2025-08-01T15:29:10.744+0530][info] GC(57) Archive regions: 2->2
[2025-08-01T15:29:10.744+0530][info] GC(57) Humongous regions: 0->0
[2025-08-01T15:29:10.744+0530][info] GC(57) Metaspace: 7896K(8192K)->7896K(8192K) NonClass: 7023K(7168K)->7023K(7168K) Class: 872K(1024K)->872K(1024K)
[2025-08-01T15:29:10.744+0530][info] GC(57) Pause Young (Mixed) (G1 Preventive Collection) 4297M->4305M(4608M) 21.350ms
[2025-08-01T15:29:10.744+0530][info] GC(57) User=0.04s Sys=0.06s Real=0.02s
[2025-08-01T15:29:10.848+0530][info] GC(58) Pause Young (Mixed) (G1 Preventive Collection)
[2025-08-01T15:29:10.848+0530][info] GC(58) Using 9 workers of 9 for evacuation
[2025-08-01T15:29:10.878+0530][info] GC(58) To-space exhausted
[2025-08-01T15:29:10.878+0530][info] GC(58)   Pre Evacuate Collection Set: 0.2ms
[2025-08-01T15:29:10.878+0530][info] GC(58)   Merge Heap Roots: 0.0ms
[2025-08-01T15:29:10.878+0530][info] GC(58)   Evacuate Collection Set: 28.7ms
[2025-08-01T15:29:10.878+0530][info] GC(58)   Post Evacuate Collection Set: 1.0ms
[2025-08-01T15:29:10.878+0530][info] GC(58)   Other: 0.2ms
[2025-08-01T15:29:10.878+0530][info] GC(58) Eden regions: 1->0(57)
[2025-08-01T15:29:10.878+0530][info] GC(58) Survivor regions: 0->0(8)
[2025-08-01T15:29:10.878+0530][info] GC(58) Old regions: 1077->1119
[2025-08-01T15:29:10.878+0530][info] GC(58) Archive regions: 2->2
[2025-08-01T15:29:10.878+0530][info] GC(58) Humongous regions: 0->0
[2025-08-01T15:29:10.878+0530][info] GC(58) Metaspace: 7896K(8192K)->7896K(8192K) NonClass: 7023K(7168K)->7023K(7168K) Class: 872K(1024K)->872K(1024K)
[2025-08-01T15:29:10.878+0530][info] GC(58) Pause Young (Mixed) (G1 Preventive Collection) 4308M->4472M(4608M) 30.123ms
[2025-08-01T15:29:10.878+0530][info] GC(58) User=0.04s Sys=0.10s Real=0.03s
[2025-08-01T15:29:10.878+0530][info] GC(59) Pause Young (Mixed) (G1 Preventive Collection)
[2025-08-01T15:29:10.878+0530][info] GC(59) Using 9 workers of 9 for evacuation
[2025-08-01T15:29:10.890+0530][info] GC(59) To-space exhausted
[2025-08-01T15:29:10.890+0530][info] GC(59)   Pre Evacuate Collection Set: 0.1ms
[2025-08-01T15:29:10.890+0530][info] GC(59)   Merge Heap Roots: 0.1ms
[2025-08-01T15:29:10.890+0530][info] GC(59)   Evacuate Collection Set: 10.9ms
[2025-08-01T15:29:10.890+0530][info] GC(59)   Post Evacuate Collection Set: 0.8ms
[2025-08-01T15:29:10.890+0530][info] GC(59)   Other: 0.1ms
[2025-08-01T15:29:10.890+0530][info] GC(59) Eden regions: 1->0(57)
[2025-08-01T15:29:10.890+0530][info] GC(59) Survivor regions: 0->0(8)
[2025-08-01T15:29:10.890+0530][info] GC(59) Old regions: 1119->1147
[2025-08-01T15:29:10.890+0530][info] GC(59) Archive regions: 2->2
[2025-08-01T15:29:10.890+0530][info] GC(59) Humongous regions: 0->0
[2025-08-01T15:29:10.890+0530][info] GC(59) Metaspace: 7896K(8192K)->7896K(8192K) NonClass: 7023K(7168K)->7023K(7168K) Class: 872K(1024K)->872K(1024K)
[2025-08-01T15:29:10.890+0530][info] GC(59) Pause Young (Mixed) (G1 Preventive Collection) 4475M->4583M(4608M) 11.986ms
[2025-08-01T15:29:10.890+0530][info] GC(59) User=0.02s Sys=0.04s Real=0.02s
[2025-08-01T15:29:10.890+0530][info] GC(60) Pause Young (Mixed) (G1 Preventive Collection)
[2025-08-01T15:29:10.890+0530][info] GC(60) Using 9 workers of 9 for evacuation
[2025-08-01T15:29:10.891+0530][info] GC(60) To-space exhausted
[2025-08-01T15:29:10.891+0530][info] GC(60)   Pre Evacuate Collection Set: 0.1ms
[2025-08-01T15:29:10.891+0530][info] GC(60)   Merge Heap Roots: 0.1ms
[2025-08-01T15:29:10.891+0530][info] GC(60)   Evacuate Collection Set: 0.6ms
[2025-08-01T15:29:10.891+0530][info] GC(60)   Post Evacuate Collection Set: 0.2ms
[2025-08-01T15:29:10.891+0530][info] GC(60)   Other: 0.1ms
[2025-08-01T15:29:10.891+0530][info] GC(60) Eden regions: 1->0(56)
[2025-08-01T15:29:10.891+0530][info] GC(60) Survivor regions: 0->1(2)
[2025-08-01T15:29:10.891+0530][info] GC(60) Old regions: 1147->1148
[2025-08-01T15:29:10.891+0530][info] GC(60) Archive regions: 2->2
[2025-08-01T15:29:10.891+0530][info] GC(60) Humongous regions: 0->0
[2025-08-01T15:29:10.891+0530][info] GC(60) Metaspace: 7896K(8192K)->7896K(8192K) NonClass: 7023K(7168K)->7023K(7168K) Class: 872K(1024K)->872K(1024K)
[2025-08-01T15:29:10.891+0530][info] GC(60) Pause Young (Mixed) (G1 Preventive Collection) 4586M->4589M(4608M) 1.076ms
[2025-08-01T15:29:10.892+0530][info] GC(60) User=0.00s Sys=0.00s Real=0.00s
[2025-08-01T15:29:10.892+0530][info] GC(61) Pause Young (Concurrent Start) (G1 Evacuation Pause)
[2025-08-01T15:29:10.892+0530][info] GC(61) Using 9 workers of 9 for evacuation
[2025-08-01T15:29:10.892+0530][info] GC(61) To-space exhausted
[2025-08-01T15:29:10.892+0530][info] GC(61)   Pre Evacuate Collection Set: 0.1ms
[2025-08-01T15:29:10.892+0530][info] GC(61)   Merge Heap Roots: 0.0ms
[2025-08-01T15:29:10.892+0530][info] GC(61)   Evacuate Collection Set: 0.2ms
[2025-08-01T15:29:10.892+0530][info] GC(61)   Post Evacuate Collection Set: 0.1ms
[2025-08-01T15:29:10.892+0530][info] GC(61)   Other: 0.1ms
[2025-08-01T15:29:10.892+0530][info] GC(61) Eden regions: 1->0(57)
[2025-08-01T15:29:10.892+0530][info] GC(61) Survivor regions: 1->0(0)
[2025-08-01T15:29:10.892+0530][info] GC(61) Old regions: 1148->1150
[2025-08-01T15:29:10.892+0530][info] GC(61) Archive regions: 2->2
[2025-08-01T15:29:10.892+0530][info] GC(61) Humongous regions: 0->0
[2025-08-01T15:29:10.892+0530][info] GC(61) Metaspace: 7896K(8192K)->7896K(8192K) NonClass: 7023K(7168K)->7023K(7168K) Class: 872K(1024K)->872K(1024K)
[2025-08-01T15:29:10.892+0530][info] GC(61) Pause Young (Concurrent Start) (G1 Evacuation Pause) 4592M->4592M(4608M) 0.605ms
[2025-08-01T15:29:10.892+0530][info] GC(61) User=0.00s Sys=0.00s Real=0.00s
[2025-08-01T15:29:10.892+0530][info] Attempting full compaction
[2025-08-01T15:29:10.892+0530][info] GC(63) Concurrent Mark Cycle
[2025-08-01T15:29:10.892+0530][info] GC(62) Using 9 workers of 9 for full compaction
[2025-08-01T15:29:10.892+0530][info] GC(63) Concurrent Clear Claimed Marks
[2025-08-01T15:29:10.892+0530][info] GC(63) Concurrent Clear Claimed Marks 0.016ms
[2025-08-01T15:29:10.892+0530][info] GC(63) Concurrent Scan Root Regions
[2025-08-01T15:29:10.892+0530][info] GC(63) Concurrent Scan Root Regions 0.003ms
[2025-08-01T15:29:10.892+0530][info] GC(63) Concurrent Mark
[2025-08-01T15:29:10.892+0530][info] GC(63) Concurrent Mark From Roots
[2025-08-01T15:29:10.892+0530][info] GC(63) Using 2 workers of 2 for marking
[2025-08-01T15:29:10.892+0530][info] GC(62) Pause Full (G1 Compaction Pause)
[2025-08-01T15:29:10.895+0530][info] GC(62) Phase 1: Mark live objects
[2025-08-01T15:29:10.900+0530][info] GC(62) Phase 1: Mark live objects 5.351ms
[2025-08-01T15:29:10.900+0530][info] GC(62) Phase 2: Prepare for compaction
[2025-08-01T15:29:10.903+0530][info] GC(62) Phase 2: Prepare for compaction 3.292ms
[2025-08-01T15:29:10.903+0530][info] GC(62) Phase 3: Adjust pointers
[2025-08-01T15:29:10.905+0530][info] GC(62) Phase 3: Adjust pointers 1.827ms
[2025-08-01T15:29:10.905+0530][info] GC(62) Phase 4: Compact heap
[2025-08-01T15:29:11.216+0530][info] GC(62) Phase 4: Compact heap 311.063ms
[2025-08-01T15:29:11.221+0530][info] GC(62) Eden regions: 0->0(57)
[2025-08-01T15:29:11.221+0530][info] GC(62) Survivor regions: 0->0(0)
[2025-08-01T15:29:11.221+0530][info] GC(62) Old regions: 1150->1075
[2025-08-01T15:29:11.221+0530][info] GC(62) Archive regions: 2->2
[2025-08-01T15:29:11.221+0530][info] GC(62) Humongous regions: 0->0
[2025-08-01T15:29:11.221+0530][info] GC(62) Metaspace: 7896K(8192K)->7788K(8192K) NonClass: 7023K(7168K)->6939K(7168K) Class: 872K(1024K)->848K(1024K)
[2025-08-01T15:29:11.221+0530][info] GC(62) Pause Full (G1 Compaction Pause) 4592M->3225M(4608M) 328.822ms
[2025-08-01T15:29:11.221+0530][info] GC(62) User=0.36s Sys=0.93s Real=0.33s
[2025-08-01T15:29:11.221+0530][info] GC(63) Concurrent Mark From Roots 329.052ms
[2025-08-01T15:29:11.221+0530][info] GC(63) Concurrent Mark Abort
[2025-08-01T15:29:11.221+0530][info] GC(63) Concurrent Mark Cycle 329.101ms
[2025-08-01T15:29:12.571+0530][info] GC(64) Pause Young (Normal) (G1 Preventive Collection)
[2025-08-01T15:29:12.572+0530][info] GC(64) Using 9 workers of 9 for evacuation
[2025-08-01T15:29:12.582+0530][info] GC(64) To-space exhausted
[2025-08-01T15:29:12.582+0530][info] GC(64)   Pre Evacuate Collection Set: 0.1ms
[2025-08-01T15:29:12.582+0530][info] GC(64)   Merge Heap Roots: 0.0ms
[2025-08-01T15:29:12.582+0530][info] GC(64)   Evacuate Collection Set: 8.2ms
[2025-08-01T15:29:12.582+0530][info] GC(64)   Post Evacuate Collection Set: 1.6ms
[2025-08-01T15:29:12.582+0530][info] GC(64)   Other: 0.3ms
[2025-08-01T15:29:12.582+0530][info] GC(64) Eden regions: 43->0(49)
[2025-08-01T15:29:12.582+0530][info] GC(64) Survivor regions: 0->8(8)
[2025-08-01T15:29:12.582+0530][info] GC(64) Old regions: 1075->1111
[2025-08-01T15:29:12.582+0530][info] GC(64) Archive regions: 2->2
[2025-08-01T15:29:12.582+0530][info] GC(64) Humongous regions: 0->0
[2025-08-01T15:29:12.582+0530][info] GC(64) Metaspace: 7794K(8192K)->7794K(8192K) NonClass: 6946K(7168K)->6946K(7168K) Class: 848K(1024K)->848K(1024K)
[2025-08-01T15:29:12.582+0530][info] GC(64) Pause Young (Normal) (G1 Preventive Collection) 3395M->3401M(4608M) 10.312ms
[2025-08-01T15:29:12.582+0530][info] GC(64) User=0.00s Sys=0.01s Real=0.01s
[2025-08-01T15:29:13.102+0530][info] GC(65) Pause Young (Concurrent Start) (G1 Preventive Collection)
[2025-08-01T15:29:13.102+0530][info] GC(65) Using 9 workers of 9 for evacuation
[2025-08-01T15:29:13.103+0530][info] GC(65) To-space exhausted
[2025-08-01T15:29:13.104+0530][info] GC(65)   Pre Evacuate Collection Set: 0.1ms
[2025-08-01T15:29:13.104+0530][info] GC(65)   Merge Heap Roots: 0.0ms
[2025-08-01T15:29:13.104+0530][info] GC(65)   Evacuate Collection Set: 0.8ms
[2025-08-01T15:29:13.104+0530][info] GC(65)   Post Evacuate Collection Set: 0.1ms
[2025-08-01T15:29:13.104+0530][info] GC(65)   Other: 0.1ms
[2025-08-01T15:29:13.104+0530][info] GC(65) Eden regions: 18->0(52)
[2025-08-01T15:29:13.104+0530][info] GC(65) Survivor regions: 8->5(8)
[2025-08-01T15:29:13.104+0530][info] GC(65) Old regions: 1111->1133
[2025-08-01T15:29:13.104+0530][info] GC(65) Archive regions: 2->2
[2025-08-01T15:29:13.104+0530][info] GC(65) Humongous regions: 0->0
[2025-08-01T15:29:13.104+0530][info] GC(65) Metaspace: 7794K(8192K)->7794K(8192K) NonClass: 6946K(7168K)->6946K(7168K) Class: 848K(1024K)->848K(1024K)
[2025-08-01T15:29:13.104+0530][info] GC(65) Pause Young (Concurrent Start) (G1 Preventive Collection) 3471M->3477M(4608M) 1.221ms
[2025-08-01T15:29:13.104+0530][info] GC(65) User=0.01s Sys=0.00s Real=0.00s
[2025-08-01T15:29:13.104+0530][info] GC(66) Concurrent Mark Cycle
[2025-08-01T15:29:13.104+0530][info] GC(66) Concurrent Clear Claimed Marks
[2025-08-01T15:29:13.104+0530][info] GC(66) Concurrent Clear Claimed Marks 0.008ms
[2025-08-01T15:29:13.104+0530][info] GC(66) Concurrent Scan Root Regions
[2025-08-01T15:29:13.104+0530][info] GC(66) Concurrent Scan Root Regions 0.028ms
[2025-08-01T15:29:13.104+0530][info] GC(66) Concurrent Mark
[2025-08-01T15:29:13.104+0530][info] GC(66) Concurrent Mark From Roots
[2025-08-01T15:29:13.104+0530][info] GC(66) Using 2 workers of 2 for marking
[2025-08-01T15:29:13.109+0530][info] GC(66) Concurrent Mark From Roots 4.958ms
[2025-08-01T15:29:13.109+0530][info] GC(66) Concurrent Preclean
[2025-08-01T15:29:13.109+0530][info] GC(66) Concurrent Preclean 0.030ms
[2025-08-01T15:29:13.109+0530][info] GC(66) Pause Remark
[2025-08-01T15:29:13.109+0530][info] GC(66) Pause Remark 3480M->3480M(4608M) 0.710ms
[2025-08-01T15:29:13.109+0530][info] GC(66) User=0.00s Sys=0.00s Real=0.00s
[2025-08-01T15:29:13.109+0530][info] GC(66) Concurrent Mark 5.794ms
[2025-08-01T15:29:13.109+0530][info] GC(66) Concurrent Rebuild Remembered Sets
[2025-08-01T15:29:13.112+0530][info] GC(66) Concurrent Rebuild Remembered Sets 2.675ms
[2025-08-01T15:29:13.112+0530][info] GC(66) Pause Cleanup
[2025-08-01T15:29:13.113+0530][info] GC(66) Pause Cleanup 3480M->3480M(4608M) 0.320ms
[2025-08-01T15:29:13.113+0530][info] GC(66) User=0.00s Sys=0.00s Real=0.00s
[2025-08-01T15:29:13.113+0530][info] GC(66) Concurrent Cleanup for Next Mark
[2025-08-01T15:29:13.121+0530][info] GC(66) Concurrent Cleanup for Next Mark 7.975ms
[2025-08-01T15:29:13.121+0530][info] GC(66) Concurrent Mark Cycle 16.979ms
[2025-08-01T15:29:13.209+0530][info] GC(67) Pause Young (Prepare Mixed) (G1 Preventive Collection)
[2025-08-01T15:29:13.209+0530][info] GC(67) Using 9 workers of 9 for evacuation
[2025-08-01T15:29:13.210+0530][info] GC(67)   Pre Evacuate Collection Set: 0.1ms
[2025-08-01T15:29:13.210+0530][info] GC(67)   Merge Heap Roots: 0.0ms
[2025-08-01T15:29:13.210+0530][info] GC(67)   Evacuate Collection Set: 0.5ms
[2025-08-01T15:29:13.210+0530][info] GC(67)   Post Evacuate Collection Set: 0.1ms
[2025-08-01T15:29:13.210+0530][info] GC(67)   Other: 0.1ms
[2025-08-01T15:29:13.210+0530][info] GC(67) Eden regions: 3->0(49)
[2025-08-01T15:29:13.210+0530][info] GC(67) Survivor regions: 5->8(8)
[2025-08-01T15:29:13.210+0530][info] GC(67) Old regions: 1133->1133
[2025-08-01T15:29:13.210+0530][info] GC(67) Archive regions: 2->2
[2025-08-01T15:29:13.210+0530][info] GC(67) Humongous regions: 0->0
[2025-08-01T15:29:13.210+0530][info] GC(67) Metaspace: 7794K(8192K)->7794K(8192K) NonClass: 6946K(7168K)->6946K(7168K) Class: 848K(1024K)->848K(1024K)
[2025-08-01T15:29:13.210+0530][info] GC(67) Pause Young (Prepare Mixed) (G1 Preventive Collection) 3487M->3487M(4608M) 0.851ms
[2025-08-01T15:29:13.210+0530][info] GC(67) User=0.00s Sys=0.00s Real=0.01s
[2025-08-01T15:29:13.210+0530][info] GC(68) Pause Young (Mixed) (G1 Preventive Collection)
[2025-08-01T15:29:13.210+0530][info] GC(68) Using 9 workers of 9 for evacuation
[2025-08-01T15:29:13.211+0530][info] GC(68) To-space exhausted
[2025-08-01T15:29:13.211+0530][info] GC(68)   Pre Evacuate Collection Set: 0.1ms
[2025-08-01T15:29:13.211+0530][info] GC(68)   Merge Heap Roots: 0.0ms
[2025-08-01T15:29:13.211+0530][info] GC(68)   Evacuate Collection Set: 0.5ms
[2025-08-01T15:29:13.211+0530][info] GC(68)   Post Evacuate Collection Set: 0.2ms
[2025-08-01T15:29:13.211+0530][info] GC(68)   Other: 0.1ms
[2025-08-01T15:29:13.211+0530][info] GC(68) Eden regions: 1->0(57)
[2025-08-01T15:29:13.211+0530][info] GC(68) Survivor regions: 8->0(8)
[2025-08-01T15:29:13.211+0530][info] GC(68) Old regions: 1133->1143
[2025-08-01T15:29:13.211+0530][info] GC(68) Archive regions: 2->2
[2025-08-01T15:29:13.211+0530][info] GC(68) Humongous regions: 0->0
[2025-08-01T15:29:13.211+0530][info] GC(68) Metaspace: 7794K(8192K)->7794K(8192K) NonClass: 6946K(7168K)->6946K(7168K) Class: 848K(1024K)->848K(1024K)
[2025-08-01T15:29:13.211+0530][info] GC(68) Pause Young (Mixed) (G1 Preventive Collection) 3490M->3501M(4608M) 0.970ms
[2025-08-01T15:29:13.211+0530][info] GC(68) User=0.01s Sys=0.00s Real=0.00s
[2025-08-01T15:29:13.315+0530][info] GC(69) Pause Young (Mixed) (G1 Preventive Collection)
[2025-08-01T15:29:13.315+0530][info] GC(69) Using 9 workers of 9 for evacuation
[2025-08-01T15:29:13.316+0530][info] GC(69) To-space exhausted
[2025-08-01T15:29:13.316+0530][info] GC(69)   Pre Evacuate Collection Set: 0.2ms
[2025-08-01T15:29:13.316+0530][info] GC(69)   Merge Heap Roots: 0.0ms
[2025-08-01T15:29:13.316+0530][info] GC(69)   Evacuate Collection Set: 0.5ms
[2025-08-01T15:29:13.316+0530][info] GC(69)   Post Evacuate Collection Set: 0.3ms
[2025-08-01T15:29:13.316+0530][info] GC(69)   Other: 0.1ms
[2025-08-01T15:29:13.316+0530][info] GC(69) Eden regions: 1->0(56)
[2025-08-01T15:29:13.316+0530][info] GC(69) Survivor regions: 0->1(6)
[2025-08-01T15:29:13.316+0530][info] GC(69) Old regions: 1143->1144
[2025-08-01T15:29:13.316+0530][info] GC(69) Archive regions: 2->2
[2025-08-01T15:29:13.316+0530][info] GC(69) Humongous regions: 0->0
[2025-08-01T15:29:13.316+0530][info] GC(69) Metaspace: 7801K(8192K)->7801K(8192K) NonClass: 6952K(7168K)->6952K(7168K) Class: 848K(1024K)->848K(1024K)
[2025-08-01T15:29:13.316+0530][info] GC(69) Pause Young (Mixed) (G1 Preventive Collection) 3504M->3511M(4608M) 1.071ms
[2025-08-01T15:29:13.316+0530][info] GC(69) User=0.01s Sys=0.00s Real=0.00s
[2025-08-01T15:29:13.317+0530][info] GC(70) Pause Young (Mixed) (G1 Preventive Collection)
[2025-08-01T15:29:13.317+0530][info] GC(70) Using 9 workers of 9 for evacuation
[2025-08-01T15:29:13.317+0530][info] GC(70) To-space exhausted
[2025-08-01T15:29:13.317+0530][info] GC(70)   Pre Evacuate Collection Set: 0.0ms
[2025-08-01T15:29:13.317+0530][info] GC(70)   Merge Heap Roots: 0.0ms
[2025-08-01T15:29:13.317+0530][info] GC(70)   Evacuate Collection Set: 0.4ms
[2025-08-01T15:29:13.317+0530][info] GC(70)   Post Evacuate Collection Set: 0.3ms
[2025-08-01T15:29:13.317+0530][info] GC(70)   Other: 0.0ms
[2025-08-01T15:29:13.317+0530][info] GC(70) Eden regions: 1->0(56)
[2025-08-01T15:29:13.317+0530][info] GC(70) Survivor regions: 1->1(4)
[2025-08-01T15:29:13.317+0530][info] GC(70) Old regions: 1144->1145
[2025-08-01T15:29:13.317+0530][info] GC(70) Archive regions: 2->2
[2025-08-01T15:29:13.317+0530][info] GC(70) Humongous regions: 0->0
[2025-08-01T15:29:13.317+0530][info] GC(70) Metaspace: 7801K(8192K)->7801K(8192K) NonClass: 6952K(7168K)->6952K(7168K) Class: 848K(1024K)->848K(1024K)
[2025-08-01T15:29:13.317+0530][info] GC(70) Pause Young (Mixed) (G1 Preventive Collection) 3514M->3518M(4608M) 0.824ms
[2025-08-01T15:29:13.317+0530][info] GC(70) User=0.00s Sys=0.00s Real=0.00s
[2025-08-01T15:29:13.317+0530][info] GC(71) Pause Young (Mixed) (G1 Preventive Collection)
[2025-08-01T15:29:13.317+0530][info] GC(71) Using 9 workers of 9 for evacuation
[2025-08-01T15:29:13.318+0530][info] GC(71) To-space exhausted
[2025-08-01T15:29:13.318+0530][info] GC(71)   Pre Evacuate Collection Set: 0.1ms
[2025-08-01T15:29:13.318+0530][info] GC(71)   Merge Heap Roots: 0.0ms
[2025-08-01T15:29:13.318+0530][info] GC(71)   Evacuate Collection Set: 0.3ms
[2025-08-01T15:29:13.318+0530][info] GC(71)   Post Evacuate Collection Set: 0.2ms
[2025-08-01T15:29:13.318+0530][info] GC(71)   Other: 0.0ms
[2025-08-01T15:29:13.318+0530][info] GC(71) Eden regions: 1->0(56)
[2025-08-01T15:29:13.318+0530][info] GC(71) Survivor regions: 1->1(3)
[2025-08-01T15:29:13.318+0530][info] GC(71) Old regions: 1145->1147
[2025-08-01T15:29:13.318+0530][info] GC(71) Archive regions: 2->2
[2025-08-01T15:29:13.318+0530][info] GC(71) Humongous regions: 0->0
[2025-08-01T15:29:13.318+0530][info] GC(71) Metaspace: 7801K(8192K)->7801K(8192K) NonClass: 6952K(7168K)->6952K(7168K) Class: 848K(1024K)->848K(1024K)
[2025-08-01T15:29:13.318+0530][info] GC(71) Pause Young (Mixed) (G1 Preventive Collection) 3521M->3527M(4608M) 0.731ms
[2025-08-01T15:29:13.318+0530][info] GC(71) User=0.00s Sys=0.00s Real=0.00s
[2025-08-01T15:29:13.318+0530][info] GC(72) Pause Young (Mixed) (G1 Preventive Collection)
[2025-08-01T15:29:13.318+0530][info] GC(72) Using 9 workers of 9 for evacuation
[2025-08-01T15:29:13.319+0530][info] GC(72) To-space exhausted
[2025-08-01T15:29:13.319+0530][info] GC(72)   Pre Evacuate Collection Set: 0.1ms
[2025-08-01T15:29:13.319+0530][info] GC(72)   Merge Heap Roots: 0.0ms
[2025-08-01T15:29:13.319+0530][info] GC(72)   Evacuate Collection Set: 0.2ms
[2025-08-01T15:29:13.319+0530][info] GC(72)   Post Evacuate Collection Set: 0.2ms
[2025-08-01T15:29:13.319+0530][info] GC(72)   Other: 0.0ms
[2025-08-01T15:29:13.319+0530][info] GC(72) Eden regions: 1->0(56)
[2025-08-01T15:29:13.319+0530][info] GC(72) Survivor regions: 1->1(1)
[2025-08-01T15:29:13.319+0530][info] GC(72) Old regions: 1147->1148
[2025-08-01T15:29:13.319+0530][info] GC(72) Archive regions: 2->2
[2025-08-01T15:29:13.319+0530][info] GC(72) Humongous regions: 0->0
[2025-08-01T15:29:13.319+0530][info] GC(72) Metaspace: 7801K(8192K)->7801K(8192K) NonClass: 6952K(7168K)->6952K(7168K) Class: 848K(1024K)->848K(1024K)
[2025-08-01T15:29:13.319+0530][info] GC(72) Pause Young (Mixed) (G1 Preventive Collection) 3530M->3531M(4608M) 0.593ms
[2025-08-01T15:29:13.319+0530][info] GC(72) User=0.00s Sys=0.00s Real=0.00s
[2025-08-01T15:29:13.319+0530][info] GC(73) Pause Young (Mixed) (G1 Evacuation Pause)
[2025-08-01T15:29:13.319+0530][info] GC(73) Using 9 workers of 9 for evacuation
[2025-08-01T15:29:13.319+0530][info] GC(73) To-space exhausted
[2025-08-01T15:29:13.319+0530][info] GC(73)   Pre Evacuate Collection Set: 0.1ms
[2025-08-01T15:29:13.319+0530][info] GC(73)   Merge Heap Roots: 0.0ms
[2025-08-01T15:29:13.319+0530][info] GC(73)   Evacuate Collection Set: 0.2ms
[2025-08-01T15:29:13.319+0530][info] GC(73)   Post Evacuate Collection Set: 0.2ms
[2025-08-01T15:29:13.319+0530][info] GC(73)   Other: 0.0ms
[2025-08-01T15:29:13.319+0530][info] GC(73) Eden regions: 1->0(57)
[2025-08-01T15:29:13.319+0530][info] GC(73) Survivor regions: 1->0(0)
[2025-08-01T15:29:13.319+0530][info] GC(73) Old regions: 1148->1150
[2025-08-01T15:29:13.319+0530][info] GC(73) Archive regions: 2->2
[2025-08-01T15:29:13.319+0530][info] GC(73) Humongous regions: 0->0
[2025-08-01T15:29:13.319+0530][info] GC(73) Metaspace: 7801K(8192K)->7801K(8192K) NonClass: 6952K(7168K)->6952K(7168K) Class: 848K(1024K)->848K(1024K)
[2025-08-01T15:29:13.319+0530][info] GC(73) Pause Young (Mixed) (G1 Evacuation Pause) 3534M->3534M(4608M) 0.576ms
[2025-08-01T15:29:13.319+0530][info] GC(73) User=0.00s Sys=0.00s Real=0.00s
[2025-08-01T15:29:13.319+0530][info] Attempting full compaction
[2025-08-01T15:29:13.319+0530][info] GC(74) Using 9 workers of 9 for full compaction
[2025-08-01T15:29:13.319+0530][info] GC(74) Pause Full (G1 Compaction Pause)
[2025-08-01T15:29:13.319+0530][info] GC(74) Phase 1: Mark live objects
[2025-08-01T15:29:13.321+0530][info] GC(74) Phase 1: Mark live objects 1.852ms
[2025-08-01T15:29:13.321+0530][info] GC(74) Phase 2: Prepare for compaction
[2025-08-01T15:29:13.322+0530][info] GC(74) Phase 2: Prepare for compaction 0.740ms
[2025-08-01T15:29:13.322+0530][info] GC(74) Phase 3: Adjust pointers
[2025-08-01T15:29:13.323+0530][info] GC(74) Phase 3: Adjust pointers 1.042ms
[2025-08-01T15:29:13.323+0530][info] GC(74) Phase 4: Compact heap
[2025-08-01T15:29:13.425+0530][info] GC(74) Phase 4: Compact heap 102.025ms
[2025-08-01T15:29:13.427+0530][info] GC(74) Eden regions: 0->0(57)
[2025-08-01T15:29:13.428+0530][info] GC(74) Survivor regions: 0->0(0)
[2025-08-01T15:29:13.428+0530][info] GC(74) Old regions: 1150->1142
[2025-08-01T15:29:13.428+0530][info] GC(74) Archive regions: 2->2
[2025-08-01T15:29:13.428+0530][info] GC(74) Humongous regions: 0->0
[2025-08-01T15:29:13.428+0530][info] GC(74) Metaspace: 7801K(8192K)->7801K(8192K) NonClass: 6952K(7168K)->6952K(7168K) Class: 848K(1024K)->848K(1024K)
[2025-08-01T15:29:13.428+0530][info] GC(74) Pause Full (G1 Compaction Pause) 3534M->3426M(4608M) 108.641ms
[2025-08-01T15:29:13.428+0530][info] GC(74) User=0.14s Sys=0.21s Real=0.11s
[2025-08-01T15:29:13.531+0530][info] GC(75) Pause Young (Concurrent Start) (G1 Preventive Collection)
[2025-08-01T15:29:13.531+0530][info] GC(75) Using 9 workers of 9 for evacuation
[2025-08-01T15:29:13.532+0530][info] GC(75)   Pre Evacuate Collection Set: 0.1ms
[2025-08-01T15:29:13.532+0530][info] GC(75)   Merge Heap Roots: 0.0ms
[2025-08-01T15:29:13.532+0530][info] GC(75)   Evacuate Collection Set: 0.3ms
[2025-08-01T15:29:13.532+0530][info] GC(75)   Post Evacuate Collection Set: 0.1ms
[2025-08-01T15:29:13.532+0530][info] GC(75)   Other: 0.1ms
[2025-08-01T15:29:13.532+0530][info] GC(75) Eden regions: 4->0(53)
[2025-08-01T15:29:13.532+0530][info] GC(75) Survivor regions: 0->4(4)
[2025-08-01T15:29:13.532+0530][info] GC(75) Old regions: 1142->1142
[2025-08-01T15:29:13.532+0530][info] GC(75) Archive regions: 2->2
[2025-08-01T15:29:13.532+0530][info] GC(75) Humongous regions: 0->0
[2025-08-01T15:29:13.532+0530][info] GC(75) Metaspace: 7801K(8192K)->7801K(8192K) NonClass: 6952K(7168K)->6952K(7168K) Class: 848K(1024K)->848K(1024K)
[2025-08-01T15:29:13.532+0530][info] GC(75) Pause Young (Concurrent Start) (G1 Preventive Collection) 3440M->3440M(4608M) 0.658ms
[2025-08-01T15:29:13.532+0530][info] GC(75) User=0.00s Sys=0.00s Real=0.00s
[2025-08-01T15:29:13.532+0530][info] GC(76) Concurrent Mark Cycle
[2025-08-01T15:29:13.532+0530][info] GC(76) Concurrent Clear Claimed Marks
[2025-08-01T15:29:13.532+0530][info] GC(76) Concurrent Clear Claimed Marks 0.008ms
[2025-08-01T15:29:13.532+0530][info] GC(76) Concurrent Scan Root Regions
[2025-08-01T15:29:13.532+0530][info] GC(76) Concurrent Scan Root Regions 0.017ms
[2025-08-01T15:29:13.532+0530][info] GC(76) Concurrent Mark
[2025-08-01T15:29:13.532+0530][info] GC(76) Concurrent Mark From Roots
[2025-08-01T15:29:13.532+0530][info] GC(76) Using 2 workers of 2 for marking
[2025-08-01T15:29:13.535+0530][info] GC(76) Concurrent Mark From Roots 2.530ms
[2025-08-01T15:29:13.535+0530][info] GC(76) Concurrent Preclean
[2025-08-01T15:29:13.535+0530][info] GC(76) Concurrent Preclean 0.022ms
[2025-08-01T15:29:13.535+0530][info] GC(76) Pause Remark
[2025-08-01T15:29:13.535+0530][info] GC(76) Pause Remark 3443M->3443M(4608M) 0.598ms
[2025-08-01T15:29:13.535+0530][info] GC(76) User=0.00s Sys=0.00s Real=0.00s
[2025-08-01T15:29:13.535+0530][info] GC(76) Concurrent Mark 3.224ms
[2025-08-01T15:29:13.535+0530][info] GC(76) Concurrent Rebuild Remembered Sets
[2025-08-01T15:29:13.538+0530][info] GC(76) Concurrent Rebuild Remembered Sets 2.295ms
[2025-08-01T15:29:13.538+0530][info] GC(76) Pause Cleanup
[2025-08-01T15:29:13.538+0530][info] GC(76) Pause Cleanup 3443M->3443M(4608M) 0.282ms
[2025-08-01T15:29:13.538+0530][info] GC(76) User=0.00s Sys=0.00s Real=0.00s
[2025-08-01T15:29:13.538+0530][info] GC(76) Concurrent Cleanup for Next Mark
[2025-08-01T15:29:13.540+0530][info] GC(76) Concurrent Cleanup for Next Mark 1.607ms
[2025-08-01T15:29:13.540+0530][info] GC(76) Concurrent Mark Cycle 7.565ms
[2025-08-01T15:29:13.635+0530][info] GC(77) Pause Young (Prepare Mixed) (G1 Preventive Collection)
[2025-08-01T15:29:13.635+0530][info] GC(77) Using 9 workers of 9 for evacuation
[2025-08-01T15:29:13.635+0530][info] GC(77) To-space exhausted
[2025-08-01T15:29:13.635+0530][info] GC(77)   Pre Evacuate Collection Set: 0.2ms
[2025-08-01T15:29:13.635+0530][info] GC(77)   Merge Heap Roots: 0.0ms
[2025-08-01T15:29:13.635+0530][info] GC(77)   Evacuate Collection Set: 0.2ms
[2025-08-01T15:29:13.635+0530][info] GC(77)   Post Evacuate Collection Set: 0.1ms
[2025-08-01T15:29:13.635+0530][info] GC(77)   Other: 0.1ms
[2025-08-01T15:29:13.635+0530][info] GC(77) Eden regions: 2->0(55)
[2025-08-01T15:29:13.635+0530][info] GC(77) Survivor regions: 4->2(2)
[2025-08-01T15:29:13.635+0530][info] GC(77) Old regions: 1142->1148
[2025-08-01T15:29:13.635+0530][info] GC(77) Archive regions: 2->2
[2025-08-01T15:29:13.635+0530][info] GC(77) Humongous regions: 0->0
[2025-08-01T15:29:13.635+0530][info] GC(77) Metaspace: 7801K(8192K)->7801K(8192K) NonClass: 6952K(7168K)->6952K(7168K) Class: 848K(1024K)->848K(1024K)
[2025-08-01T15:29:13.635+0530][info] GC(77) Pause Young (Prepare Mixed) (G1 Preventive Collection) 3446M->3454M(4608M) 0.698ms
[2025-08-01T15:29:13.635+0530][info] GC(77) User=0.00s Sys=0.00s Real=0.00s
[2025-08-01T15:29:13.635+0530][info] Attempting full compaction
[2025-08-01T15:29:13.635+0530][info] GC(78) Using 9 workers of 9 for full compaction
[2025-08-01T15:29:13.635+0530][info] GC(78) Pause Full (G1 Compaction Pause)
[2025-08-01T15:29:13.635+0530][info] GC(78) Phase 1: Mark live objects
[2025-08-01T15:29:13.637+0530][info] GC(78) Phase 1: Mark live objects 1.859ms
[2025-08-01T15:29:13.637+0530][info] GC(78) Phase 2: Prepare for compaction
[2025-08-01T15:29:13.638+0530][info] GC(78) Phase 2: Prepare for compaction 0.660ms
[2025-08-01T15:29:13.638+0530][info] GC(78) Phase 3: Adjust pointers
[2025-08-01T15:29:13.639+0530][info] GC(78) Phase 3: Adjust pointers 0.963ms
[2025-08-01T15:29:13.639+0530][info] GC(78) Phase 4: Compact heap
[2025-08-01T15:29:13.639+0530][info] GC(78) Phase 4: Compact heap 0.312ms
[2025-08-01T15:29:13.641+0530][info] GC(78) Eden regions: 0->0(57)
[2025-08-01T15:29:13.641+0530][info] GC(78) Survivor regions: 2->0(2)
[2025-08-01T15:29:13.641+0530][info] GC(78) Old regions: 1148->1148
[2025-08-01T15:29:13.641+0530][info] GC(78) Archive regions: 2->2
[2025-08-01T15:29:13.641+0530][info] GC(78) Humongous regions: 0->0
[2025-08-01T15:29:13.641+0530][info] GC(78) Metaspace: 7801K(8192K)->7801K(8192K) NonClass: 6952K(7168K)->6952K(7168K) Class: 848K(1024K)->848K(1024K)
[2025-08-01T15:29:13.641+0530][info] GC(78) Pause Full (G1 Compaction Pause) 3454M->3442M(4608M) 5.513ms
[2025-08-01T15:29:13.641+0530][info] GC(78) User=0.02s Sys=0.00s Real=0.01s
[2025-08-01T15:29:13.641+0530][info] GC(79) Pause Young (Concurrent Start) (G1 Preventive Collection)
[2025-08-01T15:29:13.641+0530][info] GC(79) Using 9 workers of 9 for evacuation
[2025-08-01T15:29:13.642+0530][info] GC(79)   Pre Evacuate Collection Set: 0.1ms
[2025-08-01T15:29:13.642+0530][info] GC(79)   Merge Heap Roots: 0.0ms
[2025-08-01T15:29:13.642+0530][info] GC(79)   Evacuate Collection Set: 0.2ms
[2025-08-01T15:29:13.642+0530][info] GC(79)   Post Evacuate Collection Set: 0.1ms
[2025-08-01T15:29:13.642+0530][info] GC(79)   Other: 0.1ms
[2025-08-01T15:29:13.642+0530][info] GC(79) Eden regions: 1->0(56)
[2025-08-01T15:29:13.642+0530][info] GC(79) Survivor regions: 0->1(1)
[2025-08-01T15:29:13.642+0530][info] GC(79) Old regions: 1148->1148
[2025-08-01T15:29:13.642+0530][info] GC(79) Archive regions: 2->2
[2025-08-01T15:29:13.642+0530][info] GC(79) Humongous regions: 0->0
[2025-08-01T15:29:13.642+0530][info] GC(79) Metaspace: 7801K(8192K)->7801K(8192K) NonClass: 6952K(7168K)->6952K(7168K) Class: 848K(1024K)->848K(1024K)
[2025-08-01T15:29:13.642+0530][info] GC(79) Pause Young (Concurrent Start) (G1 Preventive Collection) 3445M->3444M(4608M) 0.471ms
[2025-08-01T15:29:13.642+0530][info] GC(79) User=0.00s Sys=0.00s Real=0.00s
[2025-08-01T15:29:13.642+0530][info] GC(80) Concurrent Mark Cycle
[2025-08-01T15:29:13.642+0530][info] GC(80) Concurrent Clear Claimed Marks
[2025-08-01T15:29:13.642+0530][info] GC(80) Concurrent Clear Claimed Marks 0.006ms
[2025-08-01T15:29:13.642+0530][info] GC(80) Concurrent Scan Root Regions
[2025-08-01T15:29:13.642+0530][info] GC(80) Concurrent Scan Root Regions 0.013ms
[2025-08-01T15:29:13.642+0530][info] GC(81) Pause Young (Normal) (G1 Evacuation Pause)
[2025-08-01T15:29:13.642+0530][info] GC(80) Concurrent Mark
[2025-08-01T15:29:13.642+0530][info] GC(81) Using 9 workers of 9 for evacuation
[2025-08-01T15:29:13.642+0530][info] GC(80) Concurrent Mark From Roots
[2025-08-01T15:29:13.642+0530][info] GC(80) Using 2 workers of 2 for marking
[2025-08-01T15:29:13.642+0530][info] GC(81) To-space exhausted
[2025-08-01T15:29:13.642+0530][info] GC(81)   Pre Evacuate Collection Set: 0.1ms
[2025-08-01T15:29:13.642+0530][info] GC(81)   Merge Heap Roots: 0.0ms
[2025-08-01T15:29:13.642+0530][info] GC(81)   Evacuate Collection Set: 0.0ms
[2025-08-01T15:29:13.642+0530][info] GC(81)   Post Evacuate Collection Set: 0.1ms
[2025-08-01T15:29:13.642+0530][info] GC(81)   Other: 0.0ms
[2025-08-01T15:29:13.642+0530][info] GC(81) Eden regions: 1->0(57)
[2025-08-01T15:29:13.642+0530][info] GC(81) Survivor regions: 1->0(0)
[2025-08-01T15:29:13.642+0530][info] GC(81) Old regions: 1148->1150
[2025-08-01T15:29:13.642+0530][info] GC(81) Archive regions: 2->2
[2025-08-01T15:29:13.642+0530][info] GC(81) Humongous regions: 0->0
[2025-08-01T15:29:13.642+0530][info] GC(81) Metaspace: 7801K(8192K)->7801K(8192K) NonClass: 6952K(7168K)->6952K(7168K) Class: 848K(1024K)->848K(1024K)
[2025-08-01T15:29:13.642+0530][info] GC(81) Pause Young (Normal) (G1 Evacuation Pause) 3447M->3447M(4608M) 0.329ms
[2025-08-01T15:29:13.642+0530][info] GC(81) User=0.00s Sys=0.01s Real=0.00s
[2025-08-01T15:29:13.642+0530][info] Attempting full compaction
[2025-08-01T15:29:13.642+0530][info] GC(82) Using 9 workers of 9 for full compaction
[2025-08-01T15:29:13.642+0530][info] GC(82) Pause Full (G1 Compaction Pause)
[2025-08-01T15:29:13.643+0530][info] GC(82) Phase 1: Mark live objects
[2025-08-01T15:29:13.645+0530][info] GC(82) Phase 1: Mark live objects 1.572ms
[2025-08-01T15:29:13.645+0530][info] GC(82) Phase 2: Prepare for compaction
[2025-08-01T15:29:13.645+0530][info] GC(82) Phase 2: Prepare for compaction 0.576ms
[2025-08-01T15:29:13.645+0530][info] GC(82) Phase 3: Adjust pointers
[2025-08-01T15:29:13.646+0530][info] GC(82) Phase 3: Adjust pointers 1.056ms
[2025-08-01T15:29:13.646+0530][info] GC(82) Phase 4: Compact heap
[2025-08-01T15:29:13.647+0530][info] GC(82) Phase 4: Compact heap 0.270ms
[2025-08-01T15:29:13.648+0530][info] GC(82) Eden regions: 0->0(57)
[2025-08-01T15:29:13.648+0530][info] GC(82) Survivor regions: 0->0(0)
[2025-08-01T15:29:13.648+0530][info] GC(82) Old regions: 1150->1149
[2025-08-01T15:29:13.648+0530][info] GC(82) Archive regions: 2->2
[2025-08-01T15:29:13.648+0530][info] GC(82) Humongous regions: 0->0
[2025-08-01T15:29:13.648+0530][info] GC(82) Metaspace: 7801K(8192K)->7801K(8192K) NonClass: 6952K(7168K)->6952K(7168K) Class: 848K(1024K)->848K(1024K)
[2025-08-01T15:29:13.648+0530][info] GC(82) Pause Full (G1 Compaction Pause) 3447M->3446M(4608M) 5.813ms
[2025-08-01T15:29:13.648+0530][info] GC(82) User=0.03s Sys=0.00s Real=0.00s
[2025-08-01T15:29:13.648+0530][info] GC(80) Concurrent Mark From Roots 6.344ms
[2025-08-01T15:29:13.648+0530][info] GC(80) Concurrent Mark Abort
[2025-08-01T15:29:13.648+0530][info] GC(80) Concurrent Mark Cycle 6.420ms
[2025-08-01T15:29:13.753+0530][info] GC(83) Pause Young (Normal) (G1 Evacuation Pause)
[2025-08-01T15:29:13.753+0530][info] GC(83) Using 9 workers of 9 for evacuation
[2025-08-01T15:29:13.754+0530][info] GC(83) To-space exhausted
[2025-08-01T15:29:13.754+0530][info] GC(83)   Pre Evacuate Collection Set: 0.1ms
[2025-08-01T15:29:13.754+0530][info] GC(83)   Merge Heap Roots: 0.0ms
[2025-08-01T15:29:13.754+0530][info] GC(83)   Evacuate Collection Set: 0.1ms
[2025-08-01T15:29:13.754+0530][info] GC(83)   Post Evacuate Collection Set: 0.1ms
[2025-08-01T15:29:13.754+0530][info] GC(83)   Other: 0.2ms
[2025-08-01T15:29:13.754+0530][info] GC(83) Eden regions: 1->0(57)
[2025-08-01T15:29:13.754+0530][info] GC(83) Survivor regions: 0->0(0)
[2025-08-01T15:29:13.754+0530][info] GC(83) Old regions: 1149->1150
[2025-08-01T15:29:13.754+0530][info] GC(83) Archive regions: 2->2
[2025-08-01T15:29:13.754+0530][info] GC(83) Humongous regions: 0->0
[2025-08-01T15:29:13.754+0530][info] GC(83) Metaspace: 7801K(8192K)->7801K(8192K) NonClass: 6952K(7168K)->6952K(7168K) Class: 848K(1024K)->848K(1024K)
[2025-08-01T15:29:13.754+0530][info] GC(83) Pause Young (Normal) (G1 Evacuation Pause) 3449M->3449M(4608M) 0.709ms
[2025-08-01T15:29:13.754+0530][info] GC(83) User=0.01s Sys=0.00s Real=0.00s
[2025-08-01T15:29:13.754+0530][info] Attempting full compaction
[2025-08-01T15:29:13.754+0530][info] GC(84) Using 9 workers of 9 for full compaction
[2025-08-01T15:29:13.754+0530][info] GC(84) Pause Full (G1 Compaction Pause)
[2025-08-01T15:29:13.754+0530][info] GC(84) Phase 1: Mark live objects
[2025-08-01T15:29:13.759+0530][info] GC(84) Phase 1: Mark live objects 4.434ms
[2025-08-01T15:29:13.759+0530][info] GC(84) Phase 2: Prepare for compaction
[2025-08-01T15:29:13.760+0530][info] GC(84) Phase 2: Prepare for compaction 1.008ms
[2025-08-01T15:29:13.760+0530][info] GC(84) Phase 3: Adjust pointers
[2025-08-01T15:29:13.762+0530][info] GC(84) Phase 3: Adjust pointers 2.367ms
[2025-08-01T15:29:13.762+0530][info] GC(84) Phase 4: Compact heap
[2025-08-01T15:29:13.763+0530][info] GC(84) Phase 4: Compact heap 0.675ms
[2025-08-01T15:29:13.766+0530][info] GC(84) Eden regions: 0->0(57)
[2025-08-01T15:29:13.766+0530][info] GC(84) Survivor regions: 0->0(0)
[2025-08-01T15:29:13.766+0530][info] GC(84) Old regions: 1150->1148
[2025-08-01T15:29:13.766+0530][info] GC(84) Archive regions: 2->2
[2025-08-01T15:29:13.766+0530][info] GC(84) Humongous regions: 0->0
[2025-08-01T15:29:13.766+0530][info] GC(84) Metaspace: 7801K(8192K)->7801K(8192K) NonClass: 6952K(7168K)->6952K(7168K) Class: 848K(1024K)->848K(1024K)
[2025-08-01T15:29:13.766+0530][info] GC(84) Pause Full (G1 Compaction Pause) 3449M->3448M(4608M) 11.511ms
[2025-08-01T15:29:13.766+0530][info] GC(84) User=0.03s Sys=0.01s Real=0.01s
[2025-08-01T15:29:13.766+0530][info] GC(85) Pause Young (Concurrent Start) (G1 Preventive Collection)
[2025-08-01T15:29:13.766+0530][info] GC(85) Using 9 workers of 9 for evacuation
[2025-08-01T15:29:13.767+0530][info] GC(85)   Pre Evacuate Collection Set: 0.1ms
[2025-08-01T15:29:13.767+0530][info] GC(85)   Merge Heap Roots: 0.0ms
[2025-08-01T15:29:13.767+0530][info] GC(85)   Evacuate Collection Set: 0.3ms
[2025-08-01T15:29:13.767+0530][info] GC(85)   Post Evacuate Collection Set: 0.1ms
[2025-08-01T15:29:13.767+0530][info] GC(85)   Other: 0.1ms
[2025-08-01T15:29:13.767+0530][info] GC(85) Eden regions: 1->0(56)
[2025-08-01T15:29:13.767+0530][info] GC(85) Survivor regions: 0->1(1)
[2025-08-01T15:29:13.767+0530][info] GC(85) Old regions: 1148->1148
[2025-08-01T15:29:13.767+0530][info] GC(85) Archive regions: 2->2
[2025-08-01T15:29:13.767+0530][info] GC(85) Humongous regions: 0->0
[2025-08-01T15:29:13.767+0530][info] GC(85) Metaspace: 7801K(8192K)->7801K(8192K) NonClass: 6952K(7168K)->6952K(7168K) Class: 848K(1024K)->848K(1024K)
[2025-08-01T15:29:13.767+0530][info] GC(85) Pause Young (Concurrent Start) (G1 Preventive Collection) 3451M->3450M(4608M) 0.777ms
[2025-08-01T15:29:13.767+0530][info] GC(85) User=0.00s Sys=0.00s Real=0.00s
[2025-08-01T15:29:13.767+0530][info] GC(86) Concurrent Mark Cycle
[2025-08-01T15:29:13.767+0530][info] GC(86) Concurrent Clear Claimed Marks
[2025-08-01T15:29:13.767+0530][info] GC(86) Concurrent Clear Claimed Marks 0.015ms
[2025-08-01T15:29:13.767+0530][info] GC(86) Concurrent Scan Root Regions
[2025-08-01T15:29:13.767+0530][info] GC(86) Concurrent Scan Root Regions 0.021ms
[2025-08-01T15:29:13.767+0530][info] GC(86) Concurrent Mark
[2025-08-01T15:29:13.767+0530][info] GC(86) Concurrent Mark From Roots
[2025-08-01T15:29:13.767+0530][info] GC(87) Pause Young (Normal) (G1 Evacuation Pause)
[2025-08-01T15:29:13.767+0530][info] GC(86) Using 2 workers of 2 for marking
[2025-08-01T15:29:13.767+0530][info] GC(87) Using 9 workers of 9 for evacuation
[2025-08-01T15:29:13.768+0530][info] GC(87) To-space exhausted
[2025-08-01T15:29:13.768+0530][info] GC(87)   Pre Evacuate Collection Set: 0.1ms
[2025-08-01T15:29:13.768+0530][info] GC(87)   Merge Heap Roots: 0.0ms
[2025-08-01T15:29:13.768+0530][info] GC(87)   Evacuate Collection Set: 0.1ms
[2025-08-01T15:29:13.768+0530][info] GC(87)   Post Evacuate Collection Set: 0.1ms
[2025-08-01T15:29:13.768+0530][info] GC(87)   Other: 0.1ms
[2025-08-01T15:29:13.768+0530][info] GC(87) Eden regions: 1->0(57)
[2025-08-01T15:29:13.768+0530][info] GC(87) Survivor regions: 1->0(0)
[2025-08-01T15:29:13.768+0530][info] GC(87) Old regions: 1148->1150
[2025-08-01T15:29:13.768+0530][info] GC(87) Archive regions: 2->2
[2025-08-01T15:29:13.768+0530][info] GC(87) Humongous regions: 0->0
[2025-08-01T15:29:13.768+0530][info] GC(87) Metaspace: 7801K(8192K)->7801K(8192K) NonClass: 6952K(7168K)->6952K(7168K) Class: 848K(1024K)->848K(1024K)
[2025-08-01T15:29:13.768+0530][info] GC(87) Pause Young (Normal) (G1 Evacuation Pause) 3453M->3453M(4608M) 0.589ms
[2025-08-01T15:29:13.768+0530][info] GC(87) User=0.00s Sys=0.00s Real=0.00s
[2025-08-01T15:29:13.768+0530][info] Attempting full compaction
[2025-08-01T15:29:13.768+0530][info] GC(88) Using 9 workers of 9 for full compaction
[2025-08-01T15:29:13.768+0530][info] GC(88) Pause Full (G1 Compaction Pause)
[2025-08-01T15:29:13.770+0530][info] GC(88) Phase 1: Mark live objects
[2025-08-01T15:29:13.772+0530][info] GC(88) Phase 1: Mark live objects 2.085ms
[2025-08-01T15:29:13.772+0530][info] GC(88) Phase 2: Prepare for compaction
[2025-08-01T15:29:13.772+0530][info] GC(88) Phase 2: Prepare for compaction 0.555ms
[2025-08-01T15:29:13.772+0530][info] GC(88) Phase 3: Adjust pointers
[2025-08-01T15:29:13.773+0530][info] GC(88) Phase 3: Adjust pointers 0.901ms
[2025-08-01T15:29:13.773+0530][info] GC(88) Phase 4: Compact heap
[2025-08-01T15:29:13.774+0530][info] GC(88) Phase 4: Compact heap 0.657ms
[2025-08-01T15:29:13.775+0530][info] GC(88) Eden regions: 0->0(57)
[2025-08-01T15:29:13.775+0530][info] GC(88) Survivor regions: 0->0(0)
[2025-08-01T15:29:13.775+0530][info] GC(88) Old regions: 1150->1149
[2025-08-01T15:29:13.775+0530][info] GC(88) Archive regions: 2->2
[2025-08-01T15:29:13.775+0530][info] GC(88) Humongous regions: 0->0
[2025-08-01T15:29:13.775+0530][info] GC(88) Metaspace: 7801K(8192K)->7801K(8192K) NonClass: 6952K(7168K)->6952K(7168K) Class: 848K(1024K)->848K(1024K)
[2025-08-01T15:29:13.775+0530][info] GC(88) Pause Full (G1 Compaction Pause) 3453M->3452M(4608M) 7.535ms
[2025-08-01T15:29:13.776+0530][info] GC(88) User=0.03s Sys=0.00s Real=0.01s
[2025-08-01T15:29:13.776+0530][info] GC(86) Concurrent Mark From Roots 8.432ms
[2025-08-01T15:29:13.776+0530][info] GC(86) Concurrent Mark Abort
[2025-08-01T15:29:13.776+0530][info] GC(86) Concurrent Mark Cycle 8.532ms
[2025-08-01T15:29:13.776+0530][info] GC(89) Pause Young (Normal) (G1 Evacuation Pause)
[2025-08-01T15:29:13.776+0530][info] GC(89) Using 9 workers of 9 for evacuation
[2025-08-01T15:29:13.776+0530][info] GC(89) To-space exhausted
[2025-08-01T15:29:13.776+0530][info] GC(89)   Pre Evacuate Collection Set: 0.1ms
[2025-08-01T15:29:13.776+0530][info] GC(89)   Merge Heap Roots: 0.0ms
[2025-08-01T15:29:13.776+0530][info] GC(89)   Evacuate Collection Set: 0.1ms
[2025-08-01T15:29:13.776+0530][info] GC(89)   Post Evacuate Collection Set: 0.1ms
[2025-08-01T15:29:13.776+0530][info] GC(89)   Other: 0.0ms
[2025-08-01T15:29:13.776+0530][info] GC(89) Eden regions: 1->0(57)
[2025-08-01T15:29:13.776+0530][info] GC(89) Survivor regions: 0->0(0)
[2025-08-01T15:29:13.776+0530][info] GC(89) Old regions: 1149->1150
[2025-08-01T15:29:13.776+0530][info] GC(89) Archive regions: 2->2
[2025-08-01T15:29:13.776+0530][info] GC(89) Humongous regions: 0->0
[2025-08-01T15:29:13.776+0530][info] GC(89) Metaspace: 7801K(8192K)->7801K(8192K) NonClass: 6952K(7168K)->6952K(7168K) Class: 848K(1024K)->848K(1024K)
[2025-08-01T15:29:13.776+0530][info] GC(89) Pause Young (Normal) (G1 Evacuation Pause) 3455M->3455M(4608M) 0.379ms
[2025-08-01T15:29:13.776+0530][info] GC(89) User=0.00s Sys=0.00s Real=0.00s
[2025-08-01T15:29:13.776+0530][info] Attempting full compaction
[2025-08-01T15:29:13.776+0530][info] GC(90) Using 9 workers of 9 for full compaction
[2025-08-01T15:29:13.776+0530][info] GC(90) Pause Full (G1 Compaction Pause)
[2025-08-01T15:29:13.776+0530][info] GC(90) Phase 1: Mark live objects
[2025-08-01T15:29:13.778+0530][info] GC(90) Phase 1: Mark live objects 1.500ms
[2025-08-01T15:29:13.778+0530][info] GC(90) Phase 2: Prepare for compaction
[2025-08-01T15:29:13.778+0530][info] GC(90) Phase 2: Prepare for compaction 0.654ms
[2025-08-01T15:29:13.778+0530][info] GC(90) Phase 3: Adjust pointers
[2025-08-01T15:29:13.779+0530][info] GC(90) Phase 3: Adjust pointers 0.897ms
[2025-08-01T15:29:13.779+0530][info] GC(90) Phase 4: Compact heap
[2025-08-01T15:29:13.780+0530][info] GC(90) Phase 4: Compact heap 1.076ms
[2025-08-01T15:29:13.781+0530][info] GC(90) Eden regions: 0->0(57)
[2025-08-01T15:29:13.782+0530][info] GC(90) Survivor regions: 0->0(0)
[2025-08-01T15:29:13.782+0530][info] GC(90) Old regions: 1150->1149
[2025-08-01T15:29:13.782+0530][info] GC(90) Archive regions: 2->2
[2025-08-01T15:29:13.782+0530][info] GC(90) Humongous regions: 0->0
[2025-08-01T15:29:13.782+0530][info] GC(90) Metaspace: 7801K(8192K)->7801K(8192K) NonClass: 6952K(7168K)->6952K(7168K) Class: 848K(1024K)->848K(1024K)
[2025-08-01T15:29:13.782+0530][info] GC(90) Pause Full (G1 Compaction Pause) 3455M->3454M(4608M) 5.506ms
[2025-08-01T15:29:13.782+0530][info] GC(90) User=0.03s Sys=0.01s Real=0.01s
[2025-08-01T15:29:13.782+0530][info] GC(91) Pause Young (Concurrent Start) (G1 Evacuation Pause)
[2025-08-01T15:29:13.782+0530][info] GC(91) Using 9 workers of 9 for evacuation
[2025-08-01T15:29:13.782+0530][info] GC(91) To-space exhausted
[2025-08-01T15:29:13.782+0530][info] GC(91)   Pre Evacuate Collection Set: 0.1ms
[2025-08-01T15:29:13.782+0530][info] GC(91)   Merge Heap Roots: 0.0ms
[2025-08-01T15:29:13.782+0530][info] GC(91)   Evacuate Collection Set: 0.1ms
[2025-08-01T15:29:13.782+0530][info] GC(91)   Post Evacuate Collection Set: 0.1ms
[2025-08-01T15:29:13.782+0530][info] GC(91)   Other: 0.1ms
[2025-08-01T15:29:13.782+0530][info] GC(91) Eden regions: 1->0(57)
[2025-08-01T15:29:13.782+0530][info] GC(91) Survivor regions: 0->0(0)
[2025-08-01T15:29:13.782+0530][info] GC(91) Old regions: 1149->1150
[2025-08-01T15:29:13.782+0530][info] GC(91) Archive regions: 2->2
[2025-08-01T15:29:13.782+0530][info] GC(91) Humongous regions: 0->0
[2025-08-01T15:29:13.782+0530][info] GC(91) Metaspace: 7801K(8192K)->7801K(8192K) NonClass: 6952K(7168K)->6952K(7168K) Class: 848K(1024K)->848K(1024K)
[2025-08-01T15:29:13.782+0530][info] GC(91) Pause Young (Concurrent Start) (G1 Evacuation Pause) 3457M->3457M(4608M) 0.460ms
[2025-08-01T15:29:13.782+0530][info] GC(91) User=0.00s Sys=0.00s Real=0.00s
[2025-08-01T15:29:13.782+0530][info] Attempting full compaction
[2025-08-01T15:29:13.782+0530][info] GC(92) Concurrent Mark Cycle
[2025-08-01T15:29:13.782+0530][info] GC(93) Using 9 workers of 9 for full compaction
[2025-08-01T15:29:13.782+0530][info] GC(92) Concurrent Clear Claimed Marks
[2025-08-01T15:29:13.782+0530][info] GC(92) Concurrent Clear Claimed Marks 0.018ms
[2025-08-01T15:29:13.782+0530][info] GC(93) Pause Full (G1 Compaction Pause)
[2025-08-01T15:29:13.782+0530][info] GC(92) Concurrent Scan Root Regions
[2025-08-01T15:29:13.782+0530][info] GC(92) Concurrent Scan Root Regions 0.018ms
[2025-08-01T15:29:13.782+0530][info] GC(92) Concurrent Mark
[2025-08-01T15:29:13.782+0530][info] GC(92) Concurrent Mark From Roots
[2025-08-01T15:29:13.782+0530][info] GC(92) Using 2 workers of 2 for marking
[2025-08-01T15:29:13.783+0530][info] GC(93) Phase 1: Mark live objects
[2025-08-01T15:29:13.785+0530][info] GC(93) Phase 1: Mark live objects 1.432ms
[2025-08-01T15:29:13.785+0530][info] GC(93) Phase 2: Prepare for compaction
[2025-08-01T15:29:13.785+0530][info] GC(93) Phase 2: Prepare for compaction 0.688ms
[2025-08-01T15:29:13.785+0530][info] GC(93) Phase 3: Adjust pointers
[2025-08-01T15:29:13.786+0530][info] GC(93) Phase 3: Adjust pointers 0.775ms
[2025-08-01T15:29:13.786+0530][info] GC(93) Phase 4: Compact heap
[2025-08-01T15:29:13.787+0530][info] GC(93) Phase 4: Compact heap 0.599ms
[2025-08-01T15:29:13.788+0530][info] GC(93) Eden regions: 0->0(57)
[2025-08-01T15:29:13.788+0530][info] GC(93) Survivor regions: 0->0(0)
[2025-08-01T15:29:13.788+0530][info] GC(93) Old regions: 1150->1150
[2025-08-01T15:29:13.788+0530][info] GC(93) Archive regions: 2->2
[2025-08-01T15:29:13.788+0530][info] GC(93) Humongous regions: 0->0
[2025-08-01T15:29:13.788+0530][info] GC(93) Metaspace: 7801K(8192K)->7801K(8192K) NonClass: 6952K(7168K)->6952K(7168K) Class: 848K(1024K)->848K(1024K)
[2025-08-01T15:29:13.788+0530][info] GC(93) Pause Full (G1 Compaction Pause) 3457M->3456M(4608M) 5.866ms
[2025-08-01T15:29:13.788+0530][info] GC(93) User=0.03s Sys=0.00s Real=0.00s
[2025-08-01T15:29:13.788+0530][info] Attempting maximum full compaction clearing soft references
[2025-08-01T15:29:13.788+0530][info] GC(94) Using 9 workers of 9 for full compaction
[2025-08-01T15:29:13.788+0530][info] GC(94) Pause Full (G1 Compaction Pause)
[2025-08-01T15:29:13.788+0530][info] GC(94) Phase 1: Mark live objects
[2025-08-01T15:29:13.791+0530][info] GC(94) Phase 1: Mark live objects 2.638ms
[2025-08-01T15:29:13.791+0530][info] GC(94) Phase 2: Prepare for compaction
[2025-08-01T15:29:13.792+0530][info] GC(94) Phase 2: Prepare for compaction 0.781ms
[2025-08-01T15:29:13.792+0530][info] GC(94) Phase 3: Adjust pointers
[2025-08-01T15:29:13.793+0530][info] GC(94) Phase 3: Adjust pointers 0.926ms
[2025-08-01T15:29:13.793+0530][info] GC(94) Phase 4: Compact heap
[2025-08-01T15:29:13.794+0530][info] GC(94) Phase 4: Compact heap 0.975ms
[2025-08-01T15:29:13.795+0530][info] GC(94) Eden regions: 0->0(57)
[2025-08-01T15:29:13.795+0530][info] GC(94) Survivor regions: 0->0(0)
[2025-08-01T15:29:13.795+0530][info] GC(94) Old regions: 1150->1150
[2025-08-01T15:29:13.795+0530][info] GC(94) Archive regions: 2->2
[2025-08-01T15:29:13.795+0530][info] GC(94) Humongous regions: 0->0
[2025-08-01T15:29:13.795+0530][info] GC(94) Metaspace: 7801K(8192K)->7723K(8192K) NonClass: 6952K(7168K)->6887K(7168K) Class: 848K(1024K)->835K(1024K)
[2025-08-01T15:29:13.795+0530][info] GC(94) Pause Full (G1 Compaction Pause) 3456M->3456M(4608M) 6.878ms
[2025-08-01T15:29:13.795+0530][info] GC(94) User=0.02s Sys=0.01s Real=0.01s
[2025-08-01T15:29:13.795+0530][info] GC(92) Concurrent Mark From Roots 12.968ms
[2025-08-01T15:29:13.795+0530][info] GC(92) Concurrent Mark Abort
[2025-08-01T15:29:13.795+0530][info] GC(92) Concurrent Mark Cycle 13.042ms
[2025-08-01T15:29:13.795+0530][info] GC(95) Pause Young (Normal) (G1 Evacuation Pause)
[2025-08-01T15:29:13.795+0530][info] GC(95) Using 9 workers of 9 for evacuation
[2025-08-01T15:29:13.796+0530][info] GC(95)   Pre Evacuate Collection Set: 0.0ms
[2025-08-01T15:29:13.796+0530][info] GC(95)   Merge Heap Roots: 0.0ms
[2025-08-01T15:29:13.796+0530][info] GC(95)   Evacuate Collection Set: 0.1ms
[2025-08-01T15:29:13.796+0530][info] GC(95)   Post Evacuate Collection Set: 0.1ms
[2025-08-01T15:29:13.796+0530][info] GC(95)   Other: 0.0ms
[2025-08-01T15:29:13.796+0530][info] GC(95) Eden regions: 0->0(57)
[2025-08-01T15:29:13.796+0530][info] GC(95) Survivor regions: 0->0(0)
[2025-08-01T15:29:13.796+0530][info] GC(95) Old regions: 1150->1150
[2025-08-01T15:29:13.796+0530][info] GC(95) Archive regions: 2->2
[2025-08-01T15:29:13.796+0530][info] GC(95) Humongous regions: 0->0
[2025-08-01T15:29:13.796+0530][info] GC(95) Metaspace: 7723K(8192K)->7723K(8192K) NonClass: 6887K(7168K)->6887K(7168K) Class: 835K(1024K)->835K(1024K)
[2025-08-01T15:29:13.796+0530][info] GC(95) Pause Young (Normal) (G1 Evacuation Pause) 3456M->3456M(4608M) 0.264ms
[2025-08-01T15:29:13.796+0530][info] GC(95) User=0.00s Sys=0.00s Real=0.00s
[2025-08-01T15:29:13.796+0530][info] Attempting full compaction
[2025-08-01T15:29:13.796+0530][info] GC(96) Using 9 workers of 9 for full compaction
[2025-08-01T15:29:13.796+0530][info] GC(96) Pause Full (G1 Compaction Pause)
[2025-08-01T15:29:13.796+0530][info] GC(96) Phase 1: Mark live objects
[2025-08-01T15:29:13.797+0530][info] GC(96) Phase 1: Mark live objects 1.514ms
[2025-08-01T15:29:13.797+0530][info] GC(96) Phase 2: Prepare for compaction
[2025-08-01T15:29:13.798+0530][info] GC(96) Phase 2: Prepare for compaction 0.658ms
[2025-08-01T15:29:13.798+0530][info] GC(96) Phase 3: Adjust pointers
[2025-08-01T15:29:13.799+0530][info] GC(96) Phase 3: Adjust pointers 0.840ms
[2025-08-01T15:29:13.799+0530][info] GC(96) Phase 4: Compact heap
[2025-08-01T15:29:13.799+0530][info] GC(96) Phase 4: Compact heap 0.676ms
[2025-08-01T15:29:13.801+0530][info] GC(96) Eden regions: 0->0(57)
[2025-08-01T15:29:13.801+0530][info] GC(96) Survivor regions: 0->0(0)
[2025-08-01T15:29:13.801+0530][info] GC(96) Old regions: 1150->1150
[2025-08-01T15:29:13.801+0530][info] GC(96) Archive regions: 2->2
[2025-08-01T15:29:13.801+0530][info] GC(96) Humongous regions: 0->0
[2025-08-01T15:29:13.801+0530][info] GC(96) Metaspace: 7723K(8192K)->7723K(8192K) NonClass: 6887K(7168K)->6887K(7168K) Class: 835K(1024K)->835K(1024K)
[2025-08-01T15:29:13.801+0530][info] GC(96) Pause Full (G1 Compaction Pause) 3456M->3456M(4608M) 5.125ms
[2025-08-01T15:29:13.801+0530][info] GC(96) User=0.02s Sys=0.00s Real=0.01s
[2025-08-01T15:29:13.801+0530][info] Attempting maximum full compaction clearing soft references
[2025-08-01T15:29:13.801+0530][info] GC(97) Using 9 workers of 9 for full compaction
[2025-08-01T15:29:13.801+0530][info] GC(97) Pause Full (G1 Compaction Pause)
[2025-08-01T15:29:13.801+0530][info] GC(97) Phase 1: Mark live objects
[2025-08-01T15:29:13.802+0530][info] GC(97) Phase 1: Mark live objects 1.372ms
[2025-08-01T15:29:13.802+0530][info] GC(97) Phase 2: Prepare for compaction
[2025-08-01T15:29:13.803+0530][info] GC(97) Phase 2: Prepare for compaction 0.751ms
[2025-08-01T15:29:13.803+0530][info] GC(97) Phase 3: Adjust pointers
[2025-08-01T15:29:13.804+0530][info] GC(97) Phase 3: Adjust pointers 0.786ms
[2025-08-01T15:29:13.804+0530][info] GC(97) Phase 4: Compact heap
[2025-08-01T15:29:13.805+0530][info] GC(97) Phase 4: Compact heap 1.039ms
[2025-08-01T15:29:13.806+0530][info] GC(97) Eden regions: 0->0(57)
[2025-08-01T15:29:13.806+0530][info] GC(97) Survivor regions: 0->0(0)
[2025-08-01T15:29:13.806+0530][info] GC(97) Old regions: 1150->1150
[2025-08-01T15:29:13.806+0530][info] GC(97) Archive regions: 2->2
[2025-08-01T15:29:13.806+0530][info] GC(97) Humongous regions: 0->0
[2025-08-01T15:29:13.806+0530][info] GC(97) Metaspace: 7723K(8192K)->7723K(8192K) NonClass: 6887K(7168K)->6887K(7168K) Class: 835K(1024K)->835K(1024K)
[2025-08-01T15:29:13.806+0530][info] GC(97) Pause Full (G1 Compaction Pause) 3456M->3456M(4608M) 5.348ms
[2025-08-01T15:29:13.806+0530][info] GC(97) User=0.02s Sys=0.01s Real=0.00s
[2025-08-01T15:29:13.807+0530][info] GC(98) Pause Young (Concurrent Start) (G1 Evacuation Pause)
[2025-08-01T15:29:13.807+0530][info] GC(98) Using 9 workers of 9 for evacuation
[2025-08-01T15:29:13.807+0530][info] GC(98)   Pre Evacuate Collection Set: 0.1ms
[2025-08-01T15:29:13.807+0530][info] GC(98)   Merge Heap Roots: 0.0ms
[2025-08-01T15:29:13.807+0530][info] GC(98)   Evacuate Collection Set: 0.1ms
[2025-08-01T15:29:13.807+0530][info] GC(98)   Post Evacuate Collection Set: 0.1ms
[2025-08-01T15:29:13.807+0530][info] GC(98)   Other: 0.1ms
[2025-08-01T15:29:13.807+0530][info] GC(98) Eden regions: 0->0(57)
[2025-08-01T15:29:13.807+0530][info] GC(98) Survivor regions: 0->0(0)
[2025-08-01T15:29:13.807+0530][info] GC(98) Old regions: 1150->1150
[2025-08-01T15:29:13.807+0530][info] GC(98) Archive regions: 2->2
[2025-08-01T15:29:13.807+0530][info] GC(98) Humongous regions: 0->0
[2025-08-01T15:29:13.807+0530][info] GC(98) Metaspace: 7723K(8192K)->7723K(8192K) NonClass: 6887K(7168K)->6887K(7168K) Class: 835K(1024K)->835K(1024K)
[2025-08-01T15:29:13.807+0530][info] GC(98) Pause Young (Concurrent Start) (G1 Evacuation Pause) 3456M->3456M(4608M) 0.415ms
[2025-08-01T15:29:13.807+0530][info] GC(98) User=0.01s Sys=0.00s Real=0.00s
[2025-08-01T15:29:13.807+0530][info] Attempting full compaction
[2025-08-01T15:29:13.807+0530][info] GC(99) Using 9 workers of 9 for full compaction
[2025-08-01T15:29:13.807+0530][info] GC(100) Concurrent Mark Cycle
[2025-08-01T15:29:13.807+0530][info] GC(100) Concurrent Clear Claimed Marks
[2025-08-01T15:29:13.807+0530][info] GC(99) Pause Full (G1 Compaction Pause)
[2025-08-01T15:29:13.807+0530][info] GC(100) Concurrent Clear Claimed Marks 0.007ms
[2025-08-01T15:29:13.807+0530][info] GC(100) Concurrent Scan Root Regions
[2025-08-01T15:29:13.807+0530][info] GC(100) Concurrent Scan Root Regions 0.006ms
[2025-08-01T15:29:13.807+0530][info] GC(100) Concurrent Mark
[2025-08-01T15:29:13.807+0530][info] GC(100) Concurrent Mark From Roots
[2025-08-01T15:29:13.807+0530][info] GC(100) Using 2 workers of 2 for marking
[2025-08-01T15:29:13.808+0530][info] GC(99) Phase 1: Mark live objects
[2025-08-01T15:29:13.810+0530][info] GC(99) Phase 1: Mark live objects 1.735ms
[2025-08-01T15:29:13.810+0530][info] GC(99) Phase 2: Prepare for compaction
[2025-08-01T15:29:13.810+0530][info] GC(99) Phase 2: Prepare for compaction 0.751ms
[2025-08-01T15:29:13.811+0530][info] GC(99) Phase 3: Adjust pointers
[2025-08-01T15:29:13.811+0530][info] GC(99) Phase 3: Adjust pointers 0.926ms
[2025-08-01T15:29:13.811+0530][info] GC(99) Phase 4: Compact heap
[2025-08-01T15:29:13.812+0530][info] GC(99) Phase 4: Compact heap 0.719ms
[2025-08-01T15:29:13.814+0530][info] GC(99) Eden regions: 0->0(57)
[2025-08-01T15:29:13.814+0530][info] GC(99) Survivor regions: 0->0(0)
[2025-08-01T15:29:13.814+0530][info] GC(99) Old regions: 1150->1150
[2025-08-01T15:29:13.814+0530][info] GC(99) Archive regions: 2->2
[2025-08-01T15:29:13.814+0530][info] GC(99) Humongous regions: 0->0
[2025-08-01T15:29:13.814+0530][info] GC(99) Metaspace: 7723K(8192K)->7723K(8192K) NonClass: 6887K(7168K)->6887K(7168K) Class: 835K(1024K)->835K(1024K)
[2025-08-01T15:29:13.814+0530][info] GC(99) Pause Full (G1 Compaction Pause) 3456M->3456M(4608M) 6.788ms
[2025-08-01T15:29:13.814+0530][info] GC(99) User=0.03s Sys=0.00s Real=0.01s
[2025-08-01T15:29:13.814+0530][info] Attempting maximum full compaction clearing soft references
[2025-08-01T15:29:13.814+0530][info] GC(101) Using 9 workers of 9 for full compaction
[2025-08-01T15:29:13.814+0530][info] GC(101) Pause Full (G1 Compaction Pause)
[2025-08-01T15:29:13.814+0530][info] GC(101) Phase 1: Mark live objects
[2025-08-01T15:29:13.816+0530][info] GC(101) Phase 1: Mark live objects 2.096ms
[2025-08-01T15:29:13.816+0530][info] GC(101) Phase 2: Prepare for compaction
[2025-08-01T15:29:13.817+0530][info] GC(101) Phase 2: Prepare for compaction 0.994ms
[2025-08-01T15:29:13.817+0530][info] GC(101) Phase 3: Adjust pointers
[2025-08-01T15:29:13.818+0530][info] GC(101) Phase 3: Adjust pointers 1.093ms
[2025-08-01T15:29:13.818+0530][info] GC(101) Phase 4: Compact heap
[2025-08-01T15:29:13.819+0530][info] GC(101) Phase 4: Compact heap 0.652ms
[2025-08-01T15:29:13.820+0530][info] GC(101) Eden regions: 0->0(57)
[2025-08-01T15:29:13.820+0530][info] GC(101) Survivor regions: 0->0(0)
[2025-08-01T15:29:13.820+0530][info] GC(101) Old regions: 1150->1150
[2025-08-01T15:29:13.820+0530][info] GC(101) Archive regions: 2->2
[2025-08-01T15:29:13.820+0530][info] GC(101) Humongous regions: 0->0
[2025-08-01T15:29:13.820+0530][info] GC(101) Metaspace: 7723K(8192K)->7723K(8192K) NonClass: 6887K(7168K)->6887K(7168K) Class: 835K(1024K)->835K(1024K)
[2025-08-01T15:29:13.820+0530][info] GC(101) Pause Full (G1 Compaction Pause) 3456M->3456M(4608M) 6.360ms
[2025-08-01T15:29:13.820+0530][info] GC(101) User=0.02s Sys=0.01s Real=0.01s
[2025-08-01T15:29:13.820+0530][info] GC(100) Concurrent Mark From Roots 13.439ms
[2025-08-01T15:29:13.820+0530][info] GC(100) Concurrent Mark Abort
[2025-08-01T15:29:13.820+0530][info] GC(100) Concurrent Mark Cycle 13.509ms
[2025-08-01T15:29:13.821+0530][info] GC(102) Pause Young (Normal) (G1 Evacuation Pause)
[2025-08-01T15:29:13.821+0530][info] GC(102) Using 9 workers of 9 for evacuation
[2025-08-01T15:29:13.821+0530][info] GC(102)   Pre Evacuate Collection Set: 0.1ms
[2025-08-01T15:29:13.821+0530][info] GC(102)   Merge Heap Roots: 0.0ms
[2025-08-01T15:29:13.821+0530][info] GC(102)   Evacuate Collection Set: 0.1ms
[2025-08-01T15:29:13.821+0530][info] GC(102)   Post Evacuate Collection Set: 0.1ms
[2025-08-01T15:29:13.821+0530][info] GC(102)   Other: 0.0ms
[2025-08-01T15:29:13.821+0530][info] GC(102) Eden regions: 0->0(57)
[2025-08-01T15:29:13.821+0530][info] GC(102) Survivor regions: 0->0(0)
[2025-08-01T15:29:13.821+0530][info] GC(102) Old regions: 1150->1150
[2025-08-01T15:29:13.821+0530][info] GC(102) Archive regions: 2->2
[2025-08-01T15:29:13.821+0530][info] GC(102) Humongous regions: 0->0
[2025-08-01T15:29:13.821+0530][info] GC(102) Metaspace: 7723K(8192K)->7723K(8192K) NonClass: 6887K(7168K)->6887K(7168K) Class: 835K(1024K)->835K(1024K)
[2025-08-01T15:29:13.821+0530][info] GC(102) Pause Young (Normal) (G1 Evacuation Pause) 3456M->3456M(4608M) 0.347ms
[2025-08-01T15:29:13.821+0530][info] GC(102) User=0.00s Sys=0.00s Real=0.00s
[2025-08-01T15:29:13.821+0530][info] Attempting full compaction
[2025-08-01T15:29:13.821+0530][info] GC(103) Using 9 workers of 9 for full compaction
[2025-08-01T15:29:13.821+0530][info] GC(103) Pause Full (G1 Compaction Pause)
[2025-08-01T15:29:13.821+0530][info] GC(103) Phase 1: Mark live objects
[2025-08-01T15:29:13.822+0530][info] GC(103) Phase 1: Mark live objects 1.366ms
[2025-08-01T15:29:13.822+0530][info] GC(103) Phase 2: Prepare for compaction
[2025-08-01T15:29:13.823+0530][info] GC(103) Phase 2: Prepare for compaction 1.040ms
[2025-08-01T15:29:13.823+0530][info] GC(103) Phase 3: Adjust pointers
[2025-08-01T15:29:13.825+0530][info] GC(103) Phase 3: Adjust pointers 1.145ms
[2025-08-01T15:29:13.825+0530][info] GC(103) Phase 4: Compact heap
[2025-08-01T15:29:13.827+0530][info] GC(103) Phase 4: Compact heap 2.297ms
[2025-08-01T15:29:13.828+0530][info] GC(103) Eden regions: 0->0(13)
[2025-08-01T15:29:13.828+0530][info] GC(103) Survivor regions: 0->0(0)
[2025-08-01T15:29:13.828+0530][info] GC(103) Old regions: 1150->9
[2025-08-01T15:29:13.828+0530][info] GC(103) Archive regions: 2->2
[2025-08-01T15:29:13.828+0530][info] GC(103) Humongous regions: 0->0
[2025-08-01T15:29:13.828+0530][info] GC(103) Metaspace: 7723K(8192K)->7723K(8192K) NonClass: 6887K(7168K)->6887K(7168K) Class: 835K(1024K)->835K(1024K)
[2025-08-01T15:29:13.828+0530][info] GC(103) Pause Full (G1 Compaction Pause) 3456M->8M(148M) 7.390ms
[2025-08-01T15:29:13.829+0530][info] GC(103) User=0.03s Sys=0.00s Real=0.00s
[2025-08-01T15:29:13.829+0530][info] Heap
[2025-08-01T15:29:13.829+0530][info]  garbage-first heap   total 151552K, used 13816K [0x00000006e0000000, 0x0000000800000000)
[2025-08-01T15:29:13.829+0530][info]   region size 4096K, 2 young (8192K), 0 survivors (0K)
[2025-08-01T15:29:13.829+0530][info]  Metaspace       used 7727K, committed 8192K, reserved 1114112K
[2025-08-01T15:29:13.829+0530][info]   class space    used 836K, committed 1024K, reserved 1048576K
